Component: ARM Compiler 5.06 update 6 (build 750) Tool: armlink [4d35ed]

==============================================================================

Section Cross References

    main.o(i.ADCConfig) refers to main.o(i.GPIO_Config_AIN) for GPIO_Config_AIN
    main.o(i.ADCConfig) refers to main.o(i.ADCSingleChannelInit) for ADCSingleChannelInit
    main.o(i.ADCFilter) refers to aeabi_sdiv.o(.text) for __aeabi_uidivmod
    main.o(i.ADCFilter) refers to main.o(.data) for cntFilter
    main.o(i.ADCFilter) refers to main.o(.bss) for ADCValue
    main.o(i.ADCSingleChannelInit) refers to hal_adc.o(i.ADC_StructInit) for ADC_StructInit
    main.o(i.ADCSingleChannelInit) refers to hal_rcc.o(i.RCC_APB2PeriphClockCmd) for RCC_APB2PeriphClockCmd
    main.o(i.ADCSingleChannelInit) refers to hal_adc.o(i.ADC_Init) for ADC_Init
    main.o(i.ADCSingleChannelInit) refers to hal_adc.o(i.ADC_RegularChannelConfig) for ADC_RegularChannelConfig
    main.o(i.ADCSingleChannelInit) refers to hal_adc.o(i.ADC_TempSensorCmd) for ADC_TempSensorCmd
    main.o(i.ADCSingleChannelInit) refers to hal_adc.o(i.ADC_VrefintCmd) for ADC_VrefintCmd
    main.o(i.ADCSingleChannelInit) refers to hal_adc.o(i.ADC_DMACmd) for ADC_DMACmd
    main.o(i.ADCSingleChannelInit) refers to hal_adc.o(i.ADC_Cmd) for ADC_Cmd
    main.o(i.DMA1_Channel1_IRQHandler) refers to hal_adc.o(i.ADC_SoftwareStartConvCmd) for ADC_SoftwareStartConvCmd
    main.o(i.DMA1_Channel1_IRQHandler) refers to hal_dma.o(i.DMA_ClearITPendingBit) for DMA_ClearITPendingBit
    main.o(i.DMA1_Channel1_IRQHandler) refers to main.o(i.ADCFilter) for ADCFilter
    main.o(i.DMAInit) refers to hal_rcc.o(i.RCC_AHBPeriphClockCmd) for RCC_AHBPeriphClockCmd
    main.o(i.DMAInit) refers to hal_dma.o(i.DMA_DeInit) for DMA_DeInit
    main.o(i.DMAInit) refers to hal_dma.o(i.DMA_Init) for DMA_Init
    main.o(i.DMAInit) refers to hal_dma.o(i.DMA_Cmd) for DMA_Cmd
    main.o(i.DMAInit) refers to hal_dma.o(i.DMA_ITConfig) for DMA_ITConfig
    main.o(i.DMAInit) refers to hal_misc.o(i.NVIC_Init) for NVIC_Init
    main.o(i.DMAInit) refers to main.o(.bss) for ADCValue
    main.o(i.GPIO_Config_AIN) refers to hal_rcc.o(i.RCC_AHBPeriphClockCmd) for RCC_AHBPeriphClockCmd
    main.o(i.GPIO_Config_AIN) refers to hal_gpio.o(i.GPIO_Init) for GPIO_Init
    main.o(i.Get_ADCVolatge) refers to fflti.o(.text) for __aeabi_ui2f
    main.o(i.Get_ADCVolatge) refers to fdiv.o(.text) for __aeabi_fdiv
    main.o(i.Get_ADCVolatge) refers to f2d.o(.text) for __aeabi_f2d
    main.o(i.Get_ADCVolatge) refers to dmul.o(.text) for __aeabi_dmul
    main.o(i.Get_ADCVolatge) refers to d2f.o(.text) for __aeabi_d2f
    main.o(i.Get_ADCVolatge) refers to main.o(.data) for ADCFilterValue
    main.o(i.InitSystick) refers to aeabi_sdiv.o(.text) for __aeabi_uidivmod
    main.o(i.InitSystick) refers to main.o(i.NVIC_SetPriority) for NVIC_SetPriority
    main.o(i.InitSystick) refers to system_mm32f003_q.o(.data) for SystemCoreClock
    main.o(i.SysTick_Handler) refers to main.o(.data) for cnt
    main.o(i.main) refers to main.o(i.DMAInit) for DMAInit
    main.o(i.main) refers to main.o(i.ADCConfig) for ADCConfig
    main.o(i.main) refers to hal_adc.o(i.ADC_SoftwareStartConvCmd) for ADC_SoftwareStartConvCmd
    main.o(i.main) refers to main.o(i.Get_ADCVolatge) for Get_ADCVolatge
    main.o(i.main) refers to main.o(.data) for ADCFilterflag
    system_mm32f003_q.o(i.SetSysClock) refers to system_mm32f003_q.o(i.SetSysClockTo48_HSI) for SetSysClockTo48_HSI
    system_mm32f003_q.o(i.SystemInit) refers to system_mm32f003_q.o(i.SetSysClock) for SetSysClock
    startup_mm32f003_q.o(STACK) refers (Special) to heapauxi.o(.text) for __use_two_region_memory
    startup_mm32f003_q.o(HEAP) refers (Special) to heapauxi.o(.text) for __use_two_region_memory
    startup_mm32f003_q.o(RESET) refers (Special) to heapauxi.o(.text) for __use_two_region_memory
    startup_mm32f003_q.o(RESET) refers to startup_mm32f003_q.o(STACK) for __initial_sp
    startup_mm32f003_q.o(RESET) refers to startup_mm32f003_q.o(.text) for Reset_Handler
    startup_mm32f003_q.o(RESET) refers to main.o(i.SysTick_Handler) for SysTick_Handler
    startup_mm32f003_q.o(RESET) refers to main.o(i.DMA1_Channel1_IRQHandler) for DMA1_Channel1_IRQHandler
    startup_mm32f003_q.o(.text) refers (Special) to heapauxi.o(.text) for __use_two_region_memory
    startup_mm32f003_q.o(.text) refers to startup_mm32f003_q.o(STACK) for __initial_sp
    startup_mm32f003_q.o(.text) refers to system_mm32f003_q.o(i.SystemInit) for SystemInit
    startup_mm32f003_q.o(.text) refers to __main.o(!!!main) for __main
    startup_mm32f003_q.o(.text) refers to startup_mm32f003_q.o(HEAP) for Heap_Mem
    hal_adc.o(i.ADC_DeInit) refers to hal_rcc.o(i.RCC_APB2PeriphResetCmd) for RCC_APB2PeriphResetCmd
    hal_adc.o(i.ADC_RegularChannelConfig) refers to hal_adc.o(i.__ARM_common_switch8) for __ARM_common_switch8
    hal_flash.o(i.FLASH_EnableWriteProtection) refers to hal_flash.o(i.FLASH_WaitForLastOperation) for FLASH_WaitForLastOperation
    hal_flash.o(i.FLASH_EraseAllPages) refers to hal_flash.o(i.FLASH_WaitForLastOperation) for FLASH_WaitForLastOperation
    hal_flash.o(i.FLASH_EraseOptionBytes) refers to hal_flash.o(i.FLASH_WaitForLastOperation) for FLASH_WaitForLastOperation
    hal_flash.o(i.FLASH_ErasePage) refers to hal_flash.o(i.FLASH_WaitForLastOperation) for FLASH_WaitForLastOperation
    hal_flash.o(i.FLASH_ProgramHalfWord) refers to hal_flash.o(i.FLASH_WaitForLastOperation) for FLASH_WaitForLastOperation
    hal_flash.o(i.FLASH_ProgramOptionByteData) refers to hal_flash.o(i.FLASH_WaitForLastOperation) for FLASH_WaitForLastOperation
    hal_flash.o(i.FLASH_ProgramWord) refers to hal_flash.o(i.FLASH_WaitForLastOperation) for FLASH_WaitForLastOperation
    hal_flash.o(i.FLASH_ReadOutProtection) refers to hal_flash.o(i.FLASH_WaitForLastOperation) for FLASH_WaitForLastOperation
    hal_flash.o(i.FLASH_UserOptionByteConfig) refers to hal_flash.o(i.FLASH_WaitForLastOperation) for FLASH_WaitForLastOperation
    hal_flash.o(i.FLASH_WaitForLastOperation) refers to hal_flash.o(i.FLASH_GetStatus) for FLASH_GetStatus
    hal_flash.o(i.FLASH_WaitForLastOperation) refers to hal_flash.o(i.delay) for delay
    hal_gpio.o(i.GPIO_DeInit) refers to hal_rcc.o(i.RCC_AHBPeriphClockCmd) for RCC_AHBPeriphClockCmd
    hal_i2c.o(i.I2C_CheckEvent) refers to hal_i2c.o(.data) for I2C_CMD_DIR
    hal_i2c.o(i.I2C_DMACmd) refers to hal_i2c.o(.data) for I2C_DMA_DIR
    hal_i2c.o(i.I2C_DeInit) refers to hal_rcc.o(i.RCC_APB1PeriphResetCmd) for RCC_APB1PeriphResetCmd
    hal_i2c.o(i.I2C_GetFlagStatus) refers to hal_i2c.o(.data) for I2C_CMD_DIR
    hal_i2c.o(i.I2C_Init) refers to hal_rcc.o(i.RCC_GetClocksFreq) for RCC_GetClocksFreq
    hal_i2c.o(i.I2C_Init) refers to aeabi_sdiv.o(.text) for __aeabi_uidivmod
    hal_i2c.o(i.I2C_ReceiveData) refers to hal_i2c.o(.data) for I2C_CMD_DIR
    hal_pwr.o(i.PWR_DeInit) refers to hal_rcc.o(i.RCC_APB1PeriphResetCmd) for RCC_APB1PeriphResetCmd
    hal_rcc.o(i.RCC_GetClocksFreq) refers to hal_rcc.o(.data) for APBAHBPrescTable
    hal_rcc.o(i.RCC_WaitForHSEStartUp) refers to hal_rcc.o(i.RCC_GetFlagStatus) for RCC_GetFlagStatus
    hal_spi.o(i.SPI_DeInit) refers to hal_rcc.o(i.RCC_APB2PeriphResetCmd) for RCC_APB2PeriphResetCmd
    hal_tim.o(i.TIM_DeInit) refers to hal_rcc.o(i.RCC_APB2PeriphResetCmd) for RCC_APB2PeriphResetCmd
    hal_tim.o(i.TIM_DeInit) refers to hal_rcc.o(i.RCC_APB1PeriphResetCmd) for RCC_APB1PeriphResetCmd
    hal_tim.o(i.TIM_ETRClockMode1Config) refers to hal_tim.o(i.TIM_ETRConfig) for TIM_ETRConfig
    hal_tim.o(i.TIM_ETRClockMode2Config) refers to hal_tim.o(i.TIM_ETRConfig) for TIM_ETRConfig
    hal_tim.o(i.TIM_ICInit) refers to hal_tim.o(i.TI1_Config) for TI1_Config
    hal_tim.o(i.TIM_ICInit) refers to hal_tim.o(i.TIM_SetIC1Prescaler) for TIM_SetIC1Prescaler
    hal_tim.o(i.TIM_ICInit) refers to hal_tim.o(i.TI2_Config) for TI2_Config
    hal_tim.o(i.TIM_ICInit) refers to hal_tim.o(i.TIM_SetIC2Prescaler) for TIM_SetIC2Prescaler
    hal_tim.o(i.TIM_ICInit) refers to hal_tim.o(i.TI3_Config) for TI3_Config
    hal_tim.o(i.TIM_ICInit) refers to hal_tim.o(i.TIM_SetIC3Prescaler) for TIM_SetIC3Prescaler
    hal_tim.o(i.TIM_ICInit) refers to hal_tim.o(i.TI4_Config) for TI4_Config
    hal_tim.o(i.TIM_ICInit) refers to hal_tim.o(i.TIM_SetIC4Prescaler) for TIM_SetIC4Prescaler
    hal_tim.o(i.TIM_ITRxExternalClockConfig) refers to hal_tim.o(i.TIM_SelectInputTrigger) for TIM_SelectInputTrigger
    hal_tim.o(i.TIM_PWMIConfig) refers to hal_tim.o(i.TI1_Config) for TI1_Config
    hal_tim.o(i.TIM_PWMIConfig) refers to hal_tim.o(i.TIM_SetIC1Prescaler) for TIM_SetIC1Prescaler
    hal_tim.o(i.TIM_PWMIConfig) refers to hal_tim.o(i.TI2_Config) for TI2_Config
    hal_tim.o(i.TIM_PWMIConfig) refers to hal_tim.o(i.TIM_SetIC2Prescaler) for TIM_SetIC2Prescaler
    hal_tim.o(i.TIM_TIxExternalClockConfig) refers to hal_tim.o(i.TI2_Config) for TI2_Config
    hal_tim.o(i.TIM_TIxExternalClockConfig) refers to hal_tim.o(i.TI1_Config) for TI1_Config
    hal_tim.o(i.TIM_TIxExternalClockConfig) refers to hal_tim.o(i.TIM_SelectInputTrigger) for TIM_SelectInputTrigger
    hal_uart.o(i.UART_DeInit) refers to hal_rcc.o(i.RCC_APB1PeriphResetCmd) for RCC_APB1PeriphResetCmd
    hal_uart.o(i.UART_Init) refers to hal_rcc.o(i.RCC_GetClocksFreq) for RCC_GetClocksFreq
    hal_uart.o(i.UART_Init) refers to aeabi_sdiv.o(.text) for __aeabi_uidivmod
    hal_wwdg.o(i.WWDG_DeInit) refers to hal_rcc.o(i.RCC_APB1PeriphResetCmd) for RCC_APB1PeriphResetCmd
    __main.o(!!!main) refers to __rtentry.o(.ARM.Collect$$rtentry$$00000000) for __rt_entry
    d2f.o(.text) refers (Special) to usenofp.o(x$fpl$usenofp) for __I$use$fp
    dmul.o(.text) refers (Special) to usenofp.o(x$fpl$usenofp) for __I$use$fp
    f2d.o(.text) refers (Special) to usenofp.o(x$fpl$usenofp) for __I$use$fp
    fdiv.o(.text) refers (Special) to usenofp.o(x$fpl$usenofp) for __I$use$fp
    fdiv.o(.text) refers to fdiv.o(.constdata) for .constdata
    fdiv.o(.constdata) refers (Special) to usenofp.o(x$fpl$usenofp) for __I$use$fp
    fflti.o(.text) refers (Special) to usenofp.o(x$fpl$usenofp) for __I$use$fp
    __rtentry.o(.ARM.Collect$$rtentry$$00000000) refers (Special) to __rtentry2.o(.ARM.Collect$$rtentry$$0000000A) for __rt_entry_li
    __rtentry.o(.ARM.Collect$$rtentry$$00000000) refers (Special) to __rtentry2.o(.ARM.Collect$$rtentry$$0000000D) for __rt_entry_main
    __rtentry.o(.ARM.Collect$$rtentry$$00000000) refers (Special) to __rtentry2.o(.ARM.Collect$$rtentry$$0000000C) for __rt_entry_postli_1
    __rtentry.o(.ARM.Collect$$rtentry$$00000000) refers (Special) to __rtentry2.o(.ARM.Collect$$rtentry$$00000009) for __rt_entry_postsh_1
    __rtentry.o(.ARM.Collect$$rtentry$$00000000) refers (Special) to __rtentry2.o(.ARM.Collect$$rtentry$$00000002) for __rt_entry_presh_1
    __rtentry.o(.ARM.Collect$$rtentry$$00000000) refers (Special) to __rtentry4.o(.ARM.Collect$$rtentry$$00000004) for __rt_entry_sh
    aeabi_idiv0_sigfpe.o(.text) refers to rt_div0.o(.text) for __rt_div0
    __rtentry2.o(.ARM.Collect$$rtentry$$00000008) refers to boardinit2.o(.text) for _platform_post_stackheap_init
    __rtentry2.o(.ARM.Collect$$rtentry$$0000000A) refers to libinit.o(.ARM.Collect$$libinit$$00000000) for __rt_lib_init
    __rtentry2.o(.ARM.Collect$$rtentry$$0000000B) refers to boardinit3.o(.text) for _platform_post_lib_init
    __rtentry2.o(.ARM.Collect$$rtentry$$0000000D) refers to main.o(i.main) for main
    __rtentry2.o(.ARM.Collect$$rtentry$$0000000D) refers to exit.o(.text) for exit
    __rtentry2.o(.ARM.exidx) refers to __rtentry2.o(.ARM.Collect$$rtentry$$00000001) for .ARM.Collect$$rtentry$$00000001
    __rtentry2.o(.ARM.exidx) refers to __rtentry2.o(.ARM.Collect$$rtentry$$00000008) for .ARM.Collect$$rtentry$$00000008
    __rtentry2.o(.ARM.exidx) refers to __rtentry2.o(.ARM.Collect$$rtentry$$0000000A) for .ARM.Collect$$rtentry$$0000000A
    __rtentry2.o(.ARM.exidx) refers to __rtentry2.o(.ARM.Collect$$rtentry$$0000000B) for .ARM.Collect$$rtentry$$0000000B
    __rtentry2.o(.ARM.exidx) refers to __rtentry2.o(.ARM.Collect$$rtentry$$0000000D) for .ARM.Collect$$rtentry$$0000000D
    __rtentry4.o(.ARM.Collect$$rtentry$$00000004) refers to sys_stackheap_outer.o(.text) for __user_setup_stackheap
    __rtentry4.o(.ARM.exidx) refers to __rtentry4.o(.ARM.Collect$$rtentry$$00000004) for .ARM.Collect$$rtentry$$00000004
    rt_div0.o(.text) refers to defsig_fpe_outer.o(.text) for __rt_SIGFPE
    sys_stackheap_outer.o(.text) refers to libspace.o(.text) for __user_perproc_libspace
    sys_stackheap_outer.o(.text) refers to startup_mm32f003_q.o(.text) for __user_initial_stackheap
    sys_stackheap_outer.o(__vectab_stack_and_reset_area) refers to tempstk.o(.text) for __temporary_stack_top
    sys_stackheap_outer.o(__vectab_stack_and_reset_area) refers to __main.o(!!!main) for __main
    exit.o(.text) refers to rtexit.o(.ARM.Collect$$rtexit$$00000000) for __rt_exit
    defsig_fpe_outer.o(.text) refers to defsig_fpe_inner.o(.text) for __rt_SIGFPE_inner
    defsig_fpe_outer.o(.text) refers to defsig_exit.o(.text) for __sig_exit
    defsig_fpe_formal.o(.text) refers to rt_raise.o(.text) for __rt_raise
    libinit.o(.ARM.Collect$$libinit$$00000000) refers (Special) to libinit2.o(.ARM.Collect$$libinit$$0000002E) for __rt_lib_init_alloca_1
    libinit.o(.ARM.Collect$$libinit$$00000000) refers (Special) to libinit2.o(.ARM.Collect$$libinit$$0000002C) for __rt_lib_init_argv_1
    libinit.o(.ARM.Collect$$libinit$$00000000) refers (Special) to libinit2.o(.ARM.Collect$$libinit$$0000001B) for __rt_lib_init_atexit_1
    libinit.o(.ARM.Collect$$libinit$$00000000) refers (Special) to libinit2.o(.ARM.Collect$$libinit$$00000021) for __rt_lib_init_clock_1
    libinit.o(.ARM.Collect$$libinit$$00000000) refers (Special) to libinit2.o(.ARM.Collect$$libinit$$00000032) for __rt_lib_init_cpp_1
    libinit.o(.ARM.Collect$$libinit$$00000000) refers (Special) to libinit2.o(.ARM.Collect$$libinit$$00000030) for __rt_lib_init_exceptions_1
    libinit.o(.ARM.Collect$$libinit$$00000000) refers (Special) to libinit2.o(.ARM.Collect$$libinit$$00000002) for __rt_lib_init_fp_1
    libinit.o(.ARM.Collect$$libinit$$00000000) refers (Special) to libinit2.o(.ARM.Collect$$libinit$$0000001F) for __rt_lib_init_fp_trap_1
    libinit.o(.ARM.Collect$$libinit$$00000000) refers (Special) to libinit2.o(.ARM.Collect$$libinit$$00000023) for __rt_lib_init_getenv_1
    libinit.o(.ARM.Collect$$libinit$$00000000) refers (Special) to libinit2.o(.ARM.Collect$$libinit$$0000000A) for __rt_lib_init_heap_1
    libinit.o(.ARM.Collect$$libinit$$00000000) refers (Special) to libinit2.o(.ARM.Collect$$libinit$$00000011) for __rt_lib_init_lc_collate_1
    libinit.o(.ARM.Collect$$libinit$$00000000) refers (Special) to libinit2.o(.ARM.Collect$$libinit$$00000013) for __rt_lib_init_lc_ctype_1
    libinit.o(.ARM.Collect$$libinit$$00000000) refers (Special) to libinit2.o(.ARM.Collect$$libinit$$00000015) for __rt_lib_init_lc_monetary_1
    libinit.o(.ARM.Collect$$libinit$$00000000) refers (Special) to libinit2.o(.ARM.Collect$$libinit$$00000017) for __rt_lib_init_lc_numeric_1
    libinit.o(.ARM.Collect$$libinit$$00000000) refers (Special) to libinit2.o(.ARM.Collect$$libinit$$00000019) for __rt_lib_init_lc_time_1
    libinit.o(.ARM.Collect$$libinit$$00000000) refers (Special) to libinit2.o(.ARM.Collect$$libinit$$00000004) for __rt_lib_init_preinit_1
    libinit.o(.ARM.Collect$$libinit$$00000000) refers (Special) to libinit2.o(.ARM.Collect$$libinit$$0000000E) for __rt_lib_init_rand_1
    libinit.o(.ARM.Collect$$libinit$$00000000) refers (Special) to libinit2.o(.ARM.Collect$$libinit$$00000033) for __rt_lib_init_return
    libinit.o(.ARM.Collect$$libinit$$00000000) refers (Special) to libinit2.o(.ARM.Collect$$libinit$$0000001D) for __rt_lib_init_signal_1
    libinit.o(.ARM.Collect$$libinit$$00000000) refers (Special) to libinit2.o(.ARM.Collect$$libinit$$00000025) for __rt_lib_init_stdio_1
    libinit.o(.ARM.Collect$$libinit$$00000000) refers (Special) to libinit2.o(.ARM.Collect$$libinit$$0000000C) for __rt_lib_init_user_alloc_1
    libspace.o(.text) refers to libspace.o(.bss) for __libspace_start
    rtexit.o(.ARM.Collect$$rtexit$$00000000) refers (Special) to rtexit2.o(.ARM.Collect$$rtexit$$00000004) for __rt_exit_exit
    rtexit.o(.ARM.Collect$$rtexit$$00000000) refers (Special) to rtexit2.o(.ARM.Collect$$rtexit$$00000003) for __rt_exit_ls
    rtexit.o(.ARM.Collect$$rtexit$$00000000) refers (Special) to rtexit2.o(.ARM.Collect$$rtexit$$00000002) for __rt_exit_prels_1
    rtexit.o(.ARM.exidx) refers (Special) to rtexit2.o(.ARM.Collect$$rtexit$$00000004) for __rt_exit_exit
    rtexit.o(.ARM.exidx) refers (Special) to rtexit2.o(.ARM.Collect$$rtexit$$00000003) for __rt_exit_ls
    rtexit.o(.ARM.exidx) refers (Special) to rtexit2.o(.ARM.Collect$$rtexit$$00000002) for __rt_exit_prels_1
    rtexit.o(.ARM.exidx) refers to rtexit.o(.ARM.Collect$$rtexit$$00000000) for .ARM.Collect$$rtexit$$00000000
    rt_raise.o(.text) refers to __raise.o(.text) for __raise
    rt_raise.o(.text) refers to sys_exit.o(.text) for _sys_exit
    defsig_exit.o(.text) refers to sys_exit.o(.text) for _sys_exit
    defsig_fpe_inner.o(.text) refers to defsig_general.o(.text) for __default_signal_display
    libinit2.o(.ARM.Collect$$libinit$$00000010) refers to libinit2.o(.ARM.Collect$$libinit$$0000000F) for .ARM.Collect$$libinit$$0000000F
    libinit2.o(.ARM.Collect$$libinit$$00000012) refers to libinit2.o(.ARM.Collect$$libinit$$0000000F) for .ARM.Collect$$libinit$$0000000F
    libinit2.o(.ARM.Collect$$libinit$$00000014) refers to libinit2.o(.ARM.Collect$$libinit$$0000000F) for .ARM.Collect$$libinit$$0000000F
    libinit2.o(.ARM.Collect$$libinit$$00000016) refers to libinit2.o(.ARM.Collect$$libinit$$0000000F) for .ARM.Collect$$libinit$$0000000F
    libinit2.o(.ARM.Collect$$libinit$$00000018) refers to libinit2.o(.ARM.Collect$$libinit$$0000000F) for .ARM.Collect$$libinit$$0000000F
    libinit2.o(.ARM.Collect$$libinit$$00000026) refers to argv_veneer.o(.text) for __ARM_argv_veneer
    libinit2.o(.ARM.Collect$$libinit$$00000027) refers to argv_veneer.o(.text) for __ARM_argv_veneer
    sys_exit.o(.text) refers (Special) to use_no_semi.o(.text) for __I$use$semihosting
    sys_exit.o(.text) refers (Special) to indicate_semi.o(.text) for __semihosting_library_function
    rtexit2.o(.ARM.Collect$$rtexit$$00000003) refers to libshutdown.o(.ARM.Collect$$libshutdown$$00000000) for __rt_lib_shutdown
    rtexit2.o(.ARM.Collect$$rtexit$$00000004) refers to sys_exit.o(.text) for _sys_exit
    rtexit2.o(.ARM.exidx) refers to rtexit2.o(.ARM.Collect$$rtexit$$00000001) for .ARM.Collect$$rtexit$$00000001
    rtexit2.o(.ARM.exidx) refers to rtexit2.o(.ARM.Collect$$rtexit$$00000003) for .ARM.Collect$$rtexit$$00000003
    rtexit2.o(.ARM.exidx) refers to rtexit2.o(.ARM.Collect$$rtexit$$00000004) for .ARM.Collect$$rtexit$$00000004
    __raise.o(.text) refers to defsig.o(CL$$defsig) for __default_signal_handler
    defsig_general.o(.text) refers to sys_wrch.o(.text) for _ttywrch
    sys_wrch.o(.text) refers (Special) to use_no_semi.o(.text) for __I$use$semihosting
    sys_wrch.o(.text) refers (Special) to indicate_semi.o(.text) for __semihosting_library_function
    defsig.o(CL$$defsig) refers to defsig_fpe_inner.o(.text) for __rt_SIGFPE_inner
    defsig.o(CL$$defsig) refers to defsig_rtmem_inner.o(.text) for __rt_SIGRTMEM_inner
    _get_argv_nomalloc.o(.text) refers (Special) to hrguard.o(.text) for __heap_region$guard
    _get_argv_nomalloc.o(.text) refers to defsig_rtmem_outer.o(.text) for __rt_SIGRTMEM
    _get_argv_nomalloc.o(.text) refers to sys_command.o(.text) for _sys_command_string
    libshutdown.o(.ARM.Collect$$libshutdown$$00000000) refers (Special) to libshutdown2.o(.ARM.Collect$$libshutdown$$00000002) for __rt_lib_shutdown_cpp_1
    libshutdown.o(.ARM.Collect$$libshutdown$$00000000) refers (Special) to libshutdown2.o(.ARM.Collect$$libshutdown$$00000007) for __rt_lib_shutdown_fp_trap_1
    libshutdown.o(.ARM.Collect$$libshutdown$$00000000) refers (Special) to libshutdown2.o(.ARM.Collect$$libshutdown$$0000000F) for __rt_lib_shutdown_heap_1
    libshutdown.o(.ARM.Collect$$libshutdown$$00000000) refers (Special) to libshutdown2.o(.ARM.Collect$$libshutdown$$00000010) for __rt_lib_shutdown_return
    libshutdown.o(.ARM.Collect$$libshutdown$$00000000) refers (Special) to libshutdown2.o(.ARM.Collect$$libshutdown$$0000000A) for __rt_lib_shutdown_signal_1
    libshutdown.o(.ARM.Collect$$libshutdown$$00000000) refers (Special) to libshutdown2.o(.ARM.Collect$$libshutdown$$00000004) for __rt_lib_shutdown_stdio_1
    libshutdown.o(.ARM.Collect$$libshutdown$$00000000) refers (Special) to libshutdown2.o(.ARM.Collect$$libshutdown$$0000000C) for __rt_lib_shutdown_user_alloc_1
    sys_command.o(.text) refers (Special) to use_no_semi.o(.text) for __I$use$semihosting
    sys_command.o(.text) refers (Special) to indicate_semi.o(.text) for __semihosting_library_function
    defsig_abrt_inner.o(.text) refers to defsig_general.o(.text) for __default_signal_display
    defsig_rtred_inner.o(.text) refers to defsig_general.o(.text) for __default_signal_display
    defsig_rtmem_inner.o(.text) refers to defsig_general.o(.text) for __default_signal_display
    defsig_rtmem_outer.o(.text) refers to defsig_rtmem_inner.o(.text) for __rt_SIGRTMEM_inner
    defsig_rtmem_outer.o(.text) refers to defsig_exit.o(.text) for __sig_exit
    defsig_rtmem_formal.o(.text) refers to rt_raise.o(.text) for __rt_raise
    defsig_stak_inner.o(.text) refers to defsig_general.o(.text) for __default_signal_display
    defsig_pvfn_inner.o(.text) refers to defsig_general.o(.text) for __default_signal_display
    defsig_cppl_inner.o(.text) refers to defsig_general.o(.text) for __default_signal_display
    defsig_segv_inner.o(.text) refers to defsig_general.o(.text) for __default_signal_display
    defsig_other.o(.text) refers to defsig_general.o(.text) for __default_signal_display


==============================================================================

Removing Unused input sections from the image.

    Removing main.o(.rev16_text), (4 bytes).
    Removing main.o(.revsh_text), (4 bytes).
    Removing main.o(i.InitSystick), (76 bytes).
    Removing main.o(i.NVIC_SetPriority), (120 bytes).
    Removing system_mm32f003_q.o(.rev16_text), (4 bytes).
    Removing system_mm32f003_q.o(.revsh_text), (4 bytes).
    Removing system_mm32f003_q.o(.data), (4 bytes).
    Removing hal_adc.o(.rev16_text), (4 bytes).
    Removing hal_adc.o(.revsh_text), (4 bytes).
    Removing hal_adc.o(i.ADC_AnalogWatchdogCmd), (24 bytes).
    Removing hal_adc.o(i.ADC_AnalogWatchdogSingleChannelConfig), (26 bytes).
    Removing hal_adc.o(i.ADC_AnalogWatchdogThresholdsConfig), (12 bytes).
    Removing hal_adc.o(i.ADC_ClearFlag), (8 bytes).
    Removing hal_adc.o(i.ADC_ClearITPendingBit), (4 bytes).
    Removing hal_adc.o(i.ADC_DeInit), (44 bytes).
    Removing hal_adc.o(i.ADC_ExternalTrigConvCmd), (24 bytes).
    Removing hal_adc.o(i.ADC_ExternalTrigInjectedConvCmd), (24 bytes).
    Removing hal_adc.o(i.ADC_ExternalTrigInjectedConvConfig), (26 bytes).
    Removing hal_adc.o(i.ADC_GetConversionValue), (116 bytes).
    Removing hal_adc.o(i.ADC_GetFlagStatus), (20 bytes).
    Removing hal_adc.o(i.ADC_GetITStatus), (20 bytes).
    Removing hal_adc.o(i.ADC_GetSoftwareStartConvStatus), (24 bytes).
    Removing hal_adc.o(i.ADC_ITConfig), (20 bytes).
    Removing hal_dma.o(.rev16_text), (4 bytes).
    Removing hal_dma.o(.revsh_text), (4 bytes).
    Removing hal_dma.o(i.DMA_ClearFlag), (12 bytes).
    Removing hal_dma.o(i.DMA_GetCurrDataCounter), (8 bytes).
    Removing hal_dma.o(i.DMA_GetFlagStatus), (32 bytes).
    Removing hal_dma.o(i.DMA_GetITStatus), (32 bytes).
    Removing hal_dma.o(i.DMA_StructInit), (26 bytes).
    Removing hal_exti.o(.rev16_text), (4 bytes).
    Removing hal_exti.o(.revsh_text), (4 bytes).
    Removing hal_exti.o(i.EXTI_ClearFlag), (12 bytes).
    Removing hal_exti.o(i.EXTI_ClearITPendingBit), (12 bytes).
    Removing hal_exti.o(i.EXTI_DeInit), (28 bytes).
    Removing hal_exti.o(i.EXTI_GenerateSWInterrupt), (16 bytes).
    Removing hal_exti.o(i.EXTI_GetFlagStatus), (28 bytes).
    Removing hal_exti.o(i.EXTI_GetITStatus), (40 bytes).
    Removing hal_exti.o(i.EXTI_Init), (140 bytes).
    Removing hal_exti.o(i.EXTI_StructInit), (16 bytes).
    Removing hal_flash.o(.rev16_text), (4 bytes).
    Removing hal_flash.o(.revsh_text), (4 bytes).
    Removing hal_flash.o(i.FLASH_ClearFlag), (12 bytes).
    Removing hal_flash.o(i.FLASH_EnableWriteProtection), (204 bytes).
    Removing hal_flash.o(i.FLASH_EraseAllPages), (80 bytes).
    Removing hal_flash.o(i.FLASH_EraseOptionBytes), (172 bytes).
    Removing hal_flash.o(i.FLASH_ErasePage), (84 bytes).
    Removing hal_flash.o(i.FLASH_GetFlagStatus), (48 bytes).
    Removing hal_flash.o(i.FLASH_GetPrefetchBufferStatus), (28 bytes).
    Removing hal_flash.o(i.FLASH_GetReadOutProtectionStatus), (28 bytes).
    Removing hal_flash.o(i.FLASH_GetStatus), (60 bytes).
    Removing hal_flash.o(i.FLASH_GetUserOptionByte), (12 bytes).
    Removing hal_flash.o(i.FLASH_GetWriteProtectionOptionByte), (12 bytes).
    Removing hal_flash.o(i.FLASH_HalfCycleAccessCmd), (28 bytes).
    Removing hal_flash.o(i.FLASH_ITConfig), (32 bytes).
    Removing hal_flash.o(i.FLASH_Lock), (20 bytes).
    Removing hal_flash.o(i.FLASH_PrefetchBufferCmd), (28 bytes).
    Removing hal_flash.o(i.FLASH_ProgramHalfWord), (72 bytes).
    Removing hal_flash.o(i.FLASH_ProgramOptionByteData), (88 bytes).
    Removing hal_flash.o(i.FLASH_ProgramWord), (104 bytes).
    Removing hal_flash.o(i.FLASH_ReadOutProtection), (184 bytes).
    Removing hal_flash.o(i.FLASH_SetLatency), (28 bytes).
    Removing hal_flash.o(i.FLASH_Unlock), (24 bytes).
    Removing hal_flash.o(i.FLASH_UserOptionByteConfig), (108 bytes).
    Removing hal_flash.o(i.FLASH_WaitForLastOperation), (44 bytes).
    Removing hal_flash.o(i.delay), (26 bytes).
    Removing hal_gpio.o(.rev16_text), (4 bytes).
    Removing hal_gpio.o(.revsh_text), (4 bytes).
    Removing hal_gpio.o(i.GPIO_DeInit), (118 bytes).
    Removing hal_gpio.o(i.GPIO_PinAFConfig), (70 bytes).
    Removing hal_gpio.o(i.GPIO_PinLockConfig), (22 bytes).
    Removing hal_gpio.o(i.GPIO_ReadInputData), (8 bytes).
    Removing hal_gpio.o(i.GPIO_ReadInputDataBit), (20 bytes).
    Removing hal_gpio.o(i.GPIO_ReadOutputData), (8 bytes).
    Removing hal_gpio.o(i.GPIO_ReadOutputDataBit), (20 bytes).
    Removing hal_gpio.o(i.GPIO_ResetBits), (4 bytes).
    Removing hal_gpio.o(i.GPIO_SetBits), (4 bytes).
    Removing hal_gpio.o(i.GPIO_StructInit), (16 bytes).
    Removing hal_gpio.o(i.GPIO_Write), (4 bytes).
    Removing hal_gpio.o(i.GPIO_WriteBit), (12 bytes).
    Removing hal_i2c.o(.rev16_text), (4 bytes).
    Removing hal_i2c.o(.revsh_text), (4 bytes).
    Removing hal_i2c.o(i.I2C_CheckEvent), (56 bytes).
    Removing hal_i2c.o(i.I2C_ClearFlag), (146 bytes).
    Removing hal_i2c.o(i.I2C_ClearITPendingBit), (146 bytes).
    Removing hal_i2c.o(i.I2C_Cmd), (36 bytes).
    Removing hal_i2c.o(i.I2C_DMACmd), (72 bytes).
    Removing hal_i2c.o(i.I2C_DeInit), (44 bytes).
    Removing hal_i2c.o(i.I2C_DualAddressCmd), (32 bytes).
    Removing hal_i2c.o(i.I2C_GeneralCallCmd), (32 bytes).
    Removing hal_i2c.o(i.I2C_GenerateSTART), (28 bytes).
    Removing hal_i2c.o(i.I2C_GenerateSTOP), (42 bytes).
    Removing hal_i2c.o(i.I2C_GetFlagStatus), (80 bytes).
    Removing hal_i2c.o(i.I2C_GetITStatus), (20 bytes).
    Removing hal_i2c.o(i.I2C_GetLastEvent), (20 bytes).
    Removing hal_i2c.o(i.I2C_ITConfig), (28 bytes).
    Removing hal_i2c.o(i.I2C_Init), (204 bytes).
    Removing hal_i2c.o(i.I2C_OwnAddress2Config), (20 bytes).
    Removing hal_i2c.o(i.I2C_ReadCmd), (8 bytes).
    Removing hal_i2c.o(i.I2C_ReadLastDataOrStop), (12 bytes).
    Removing hal_i2c.o(i.I2C_ReadRegister), (6 bytes).
    Removing hal_i2c.o(i.I2C_ReceiveData), (20 bytes).
    Removing hal_i2c.o(i.I2C_Send7bitAddress), (6 bytes).
    Removing hal_i2c.o(i.I2C_SendData), (4 bytes).
    Removing hal_i2c.o(i.I2C_SendLastDataOrStop), (10 bytes).
    Removing hal_i2c.o(i.I2C_StructInit), (24 bytes).
    Removing hal_i2c.o(.data), (4 bytes).
    Removing hal_iwdg.o(.rev16_text), (4 bytes).
    Removing hal_iwdg.o(.revsh_text), (4 bytes).
    Removing hal_iwdg.o(i.IWDG_Enable), (16 bytes).
    Removing hal_iwdg.o(i.IWDG_GetFlagStatus), (28 bytes).
    Removing hal_iwdg.o(i.IWDG_ReloadCounter), (16 bytes).
    Removing hal_iwdg.o(i.IWDG_SetPrescaler), (12 bytes).
    Removing hal_iwdg.o(i.IWDG_SetReload), (12 bytes).
    Removing hal_iwdg.o(i.IWDG_WriteAccessCmd), (12 bytes).
    Removing hal_misc.o(.rev16_text), (4 bytes).
    Removing hal_misc.o(.revsh_text), (4 bytes).
    Removing hal_misc.o(i.NVIC_SetVectorTable), (2 bytes).
    Removing hal_misc.o(i.NVIC_SystemLPConfig), (32 bytes).
    Removing hal_misc.o(i.SysTick_CLKSourceConfig), (36 bytes).
    Removing hal_pwr.o(.rev16_text), (4 bytes).
    Removing hal_pwr.o(.revsh_text), (4 bytes).
    Removing hal_pwr.o(i.PWR_BackupAccessCmd), (40 bytes).
    Removing hal_pwr.o(i.PWR_ClearFlag), (20 bytes).
    Removing hal_pwr.o(i.PWR_DeInit), (22 bytes).
    Removing hal_pwr.o(i.PWR_EnterSLEEPMode), (44 bytes).
    Removing hal_pwr.o(i.PWR_EnterSTANDBYMode), (52 bytes).
    Removing hal_pwr.o(i.PWR_EnterSTOPMode), (68 bytes).
    Removing hal_pwr.o(i.PWR_GetFlagStatus), (28 bytes).
    Removing hal_pwr.o(i.PWR_PVDCmd), (36 bytes).
    Removing hal_pwr.o(i.PWR_PVDLevelConfig), (36 bytes).
    Removing hal_pwr.o(i.PWR_WakeUpPinCmd), (40 bytes).
    Removing hal_rcc.o(.rev16_text), (4 bytes).
    Removing hal_rcc.o(.revsh_text), (4 bytes).
    Removing hal_rcc.o(i.RCC_APB1PeriphClockCmd), (32 bytes).
    Removing hal_rcc.o(i.RCC_APB1PeriphResetCmd), (32 bytes).
    Removing hal_rcc.o(i.RCC_APB2PeriphResetCmd), (32 bytes).
    Removing hal_rcc.o(i.RCC_AdjustHSICalibrationValue), (32 bytes).
    Removing hal_rcc.o(i.RCC_ClearFlag), (20 bytes).
    Removing hal_rcc.o(i.RCC_ClearITPendingBit), (20 bytes).
    Removing hal_rcc.o(i.RCC_ClockSecuritySystemCmd), (40 bytes).
    Removing hal_rcc.o(i.RCC_DeInit), (68 bytes).
    Removing hal_rcc.o(i.RCC_GetClocksFreq), (156 bytes).
    Removing hal_rcc.o(i.RCC_GetFlagStatus), (52 bytes).
    Removing hal_rcc.o(i.RCC_GetITStatus), (28 bytes).
    Removing hal_rcc.o(i.RCC_GetSYSCLKSource), (16 bytes).
    Removing hal_rcc.o(i.RCC_HCLKConfig), (32 bytes).
    Removing hal_rcc.o(i.RCC_HSEConfig), (88 bytes).
    Removing hal_rcc.o(i.RCC_HSICmd), (36 bytes).
    Removing hal_rcc.o(i.RCC_ITConfig), (36 bytes).
    Removing hal_rcc.o(i.RCC_LSICmd), (36 bytes).
    Removing hal_rcc.o(i.RCC_MCOConfig), (32 bytes).
    Removing hal_rcc.o(i.RCC_PCLK1Config), (36 bytes).
    Removing hal_rcc.o(i.RCC_PCLK2Config), (32 bytes).
    Removing hal_rcc.o(i.RCC_SYSCLKConfig), (28 bytes).
    Removing hal_rcc.o(i.RCC_WaitForHSEStartUp), (60 bytes).
    Removing hal_rcc.o(.data), (16 bytes).
    Removing hal_spi.o(.rev16_text), (4 bytes).
    Removing hal_spi.o(.revsh_text), (4 bytes).
    Removing hal_spi.o(i.SPI_BiDirectionalLineConfig), (60 bytes).
    Removing hal_spi.o(i.SPI_CSInternalSelected), (24 bytes).
    Removing hal_spi.o(i.SPI_ClearITPendingBit), (8 bytes).
    Removing hal_spi.o(i.SPI_Cmd), (28 bytes).
    Removing hal_spi.o(i.SPI_DMACmd), (20 bytes).
    Removing hal_spi.o(i.SPI_DataSizeConfig), (20 bytes).
    Removing hal_spi.o(i.SPI_DeInit), (44 bytes).
    Removing hal_spi.o(i.SPI_FifoTrigger), (20 bytes).
    Removing hal_spi.o(i.SPI_GetFlagStatus), (104 bytes).
    Removing hal_spi.o(i.SPI_GetITStatus), (20 bytes).
    Removing hal_spi.o(i.SPI_ITConfig), (44 bytes).
    Removing hal_spi.o(i.SPI_Init), (92 bytes).
    Removing hal_spi.o(i.SPI_NSSInternalSoftwareConfig), (32 bytes).
    Removing hal_spi.o(i.SPI_ReceiveData), (50 bytes).
    Removing hal_spi.o(i.SPI_RxBytes), (4 bytes).
    Removing hal_spi.o(i.SPI_SendData), (40 bytes).
    Removing hal_spi.o(i.SPI_SlaveAdjust), (8 bytes).
    Removing hal_spi.o(i.SPI_StructInit), (32 bytes).
    Removing hal_syscfg.o(.rev16_text), (4 bytes).
    Removing hal_syscfg.o(.revsh_text), (4 bytes).
    Removing hal_syscfg.o(i.SYSCFG_DMAChannelRemapConfig), (32 bytes).
    Removing hal_syscfg.o(i.SYSCFG_DeInit), (32 bytes).
    Removing hal_syscfg.o(i.SYSCFG_EXTILineConfig), (64 bytes).
    Removing hal_syscfg.o(i.SYSCFG_MemoryRemapConfig), (28 bytes).
    Removing hal_tim.o(.rev16_text), (4 bytes).
    Removing hal_tim.o(.revsh_text), (4 bytes).
    Removing hal_tim.o(i.TI1_Config), (60 bytes).
    Removing hal_tim.o(i.TI2_Config), (80 bytes).
    Removing hal_tim.o(i.TI3_Config), (76 bytes).
    Removing hal_tim.o(i.TI4_Config), (84 bytes).
    Removing hal_tim.o(i.TIM_ARRPreloadConfig), (28 bytes).
    Removing hal_tim.o(i.TIM_BDTRConfig), (30 bytes).
    Removing hal_tim.o(i.TIM_BDTRStructInit), (18 bytes).
    Removing hal_tim.o(i.TIM_CCPreloadControl), (28 bytes).
    Removing hal_tim.o(i.TIM_CCxCmd), (34 bytes).
    Removing hal_tim.o(i.TIM_CCxNCmd), (34 bytes).
    Removing hal_tim.o(i.TIM_ClearFlag), (8 bytes).
    Removing hal_tim.o(i.TIM_ClearITPendingBit), (8 bytes).
    Removing hal_tim.o(i.TIM_ClearOC1Ref), (28 bytes).
    Removing hal_tim.o(i.TIM_ClearOC2Ref), (22 bytes).
    Removing hal_tim.o(i.TIM_ClearOC3Ref), (28 bytes).
    Removing hal_tim.o(i.TIM_ClearOC4Ref), (22 bytes).
    Removing hal_tim.o(i.TIM_ClearOC5Ref), (28 bytes).
    Removing hal_tim.o(i.TIM_Cmd), (28 bytes).
    Removing hal_tim.o(i.TIM_CounterModeConfig), (28 bytes).
    Removing hal_tim.o(i.TIM_CtrlPWMOutputs), (26 bytes).
    Removing hal_tim.o(i.TIM_DMACmd), (26 bytes).
    Removing hal_tim.o(i.TIM_DMAConfig), (8 bytes).
    Removing hal_tim.o(i.TIM_DeInit), (176 bytes).
    Removing hal_tim.o(i.TIM_ETRClockMode1Config), (52 bytes).
    Removing hal_tim.o(i.TIM_ETRClockMode2Config), (34 bytes).
    Removing hal_tim.o(i.TIM_ETRConfig), (26 bytes).
    Removing hal_tim.o(i.TIM_EncoderInterfaceConfig), (72 bytes).
    Removing hal_tim.o(i.TIM_ForcedOC1Config), (28 bytes).
    Removing hal_tim.o(i.TIM_ForcedOC2Config), (28 bytes).
    Removing hal_tim.o(i.TIM_ForcedOC3Config), (28 bytes).
    Removing hal_tim.o(i.TIM_ForcedOC4Config), (28 bytes).
    Removing hal_tim.o(i.TIM_GenerateEvent), (4 bytes).
    Removing hal_tim.o(i.TIM_GetCapture1), (6 bytes).
    Removing hal_tim.o(i.TIM_GetCapture2), (6 bytes).
    Removing hal_tim.o(i.TIM_GetCapture3), (6 bytes).
    Removing hal_tim.o(i.TIM_GetCapture4), (6 bytes).
    Removing hal_tim.o(i.TIM_GetCounter), (6 bytes).
    Removing hal_tim.o(i.TIM_GetFlagStatus), (20 bytes).
    Removing hal_tim.o(i.TIM_GetITStatus), (38 bytes).
    Removing hal_tim.o(i.TIM_GetPrescaler), (8 bytes).
    Removing hal_tim.o(i.TIM_ICInit), (112 bytes).
    Removing hal_tim.o(i.TIM_ICStructInit), (18 bytes).
    Removing hal_tim.o(i.TIM_ITConfig), (26 bytes).
    Removing hal_tim.o(i.TIM_ITRxExternalClockConfig), (24 bytes).
    Removing hal_tim.o(i.TIM_InternalClockConfig), (16 bytes).
    Removing hal_tim.o(i.TIM_OC1FastConfig), (28 bytes).
    Removing hal_tim.o(i.TIM_OC1Init), (144 bytes).
    Removing hal_tim.o(i.TIM_OC1NPolarityConfig), (28 bytes).
    Removing hal_tim.o(i.TIM_OC1PolarityConfig), (28 bytes).
    Removing hal_tim.o(i.TIM_OC1PreloadConfig), (28 bytes).
    Removing hal_tim.o(i.TIM_OC2FastConfig), (28 bytes).
    Removing hal_tim.o(i.TIM_OC2Init), (168 bytes).
    Removing hal_tim.o(i.TIM_OC2NPolarityConfig), (28 bytes).
    Removing hal_tim.o(i.TIM_OC2PolarityConfig), (28 bytes).
    Removing hal_tim.o(i.TIM_OC2PreloadConfig), (28 bytes).
    Removing hal_tim.o(i.TIM_OC3FastConfig), (28 bytes).
    Removing hal_tim.o(i.TIM_OC3Init), (160 bytes).
    Removing hal_tim.o(i.TIM_OC3NPolarityConfig), (28 bytes).
    Removing hal_tim.o(i.TIM_OC3PolarityConfig), (28 bytes).
    Removing hal_tim.o(i.TIM_OC3PreloadConfig), (28 bytes).
    Removing hal_tim.o(i.TIM_OC4FastConfig), (28 bytes).
    Removing hal_tim.o(i.TIM_OC4Init), (120 bytes).
    Removing hal_tim.o(i.TIM_OC4PolarityConfig), (28 bytes).
    Removing hal_tim.o(i.TIM_OC4PreloadConfig), (28 bytes).
    Removing hal_tim.o(i.TIM_OC5FastConfig), (28 bytes).
    Removing hal_tim.o(i.TIM_OC5Init), (80 bytes).
    Removing hal_tim.o(i.TIM_OC5PolarityConfig), (18 bytes).
    Removing hal_tim.o(i.TIM_OC5PreloadConfig), (28 bytes).
    Removing hal_tim.o(i.TIM_OCStructInit), (20 bytes).
    Removing hal_tim.o(i.TIM_PWMIConfig), (124 bytes).
    Removing hal_tim.o(i.TIM_PrescalerConfig), (6 bytes).
    Removing hal_tim.o(i.TIM_SelectCCDMA), (28 bytes).
    Removing hal_tim.o(i.TIM_SelectCOM), (28 bytes).
    Removing hal_tim.o(i.TIM_SelectHallSensor), (28 bytes).
    Removing hal_tim.o(i.TIM_SelectInputTrigger), (28 bytes).
    Removing hal_tim.o(i.TIM_SelectMasterSlaveMode), (20 bytes).
    Removing hal_tim.o(i.TIM_SelectOCxM), (86 bytes).
    Removing hal_tim.o(i.TIM_SelectOnePulseMode), (20 bytes).
    Removing hal_tim.o(i.TIM_SelectOutputTrigger), (20 bytes).
    Removing hal_tim.o(i.TIM_SelectSlaveMode), (20 bytes).
    Removing hal_tim.o(i.TIM_SetAutoreload), (4 bytes).
    Removing hal_tim.o(i.TIM_SetClockDivision), (20 bytes).
    Removing hal_tim.o(i.TIM_SetCompare1), (4 bytes).
    Removing hal_tim.o(i.TIM_SetCompare2), (4 bytes).
    Removing hal_tim.o(i.TIM_SetCompare3), (4 bytes).
    Removing hal_tim.o(i.TIM_SetCompare4), (4 bytes).
    Removing hal_tim.o(i.TIM_SetCompare5), (4 bytes).
    Removing hal_tim.o(i.TIM_SetCounter), (4 bytes).
    Removing hal_tim.o(i.TIM_SetIC1Prescaler), (20 bytes).
    Removing hal_tim.o(i.TIM_SetIC2Prescaler), (24 bytes).
    Removing hal_tim.o(i.TIM_SetIC3Prescaler), (20 bytes).
    Removing hal_tim.o(i.TIM_SetIC4Prescaler), (24 bytes).
    Removing hal_tim.o(i.TIM_TIxExternalClockConfig), (58 bytes).
    Removing hal_tim.o(i.TIM_TimeBaseInit), (96 bytes).
    Removing hal_tim.o(i.TIM_TimeBaseStructInit), (20 bytes).
    Removing hal_tim.o(i.TIM_UpdateDisableConfig), (28 bytes).
    Removing hal_tim.o(i.TIM_UpdateRequestConfig), (28 bytes).
    Removing hal_uart.o(.rev16_text), (4 bytes).
    Removing hal_uart.o(.revsh_text), (4 bytes).
    Removing hal_uart.o(i.UART_ClearFlag), (2 bytes).
    Removing hal_uart.o(i.UART_ClearITPendingBit), (4 bytes).
    Removing hal_uart.o(i.UART_Cmd), (28 bytes).
    Removing hal_uart.o(i.UART_DMACmd), (20 bytes).
    Removing hal_uart.o(i.UART_DeInit), (44 bytes).
    Removing hal_uart.o(i.UART_GetFlagStatus), (20 bytes).
    Removing hal_uart.o(i.UART_GetITStatus), (20 bytes).
    Removing hal_uart.o(i.UART_ITConfig), (20 bytes).
    Removing hal_uart.o(i.UART_Init), (120 bytes).
    Removing hal_uart.o(i.UART_ReceiveData), (8 bytes).
    Removing hal_uart.o(i.UART_SendData), (6 bytes).
    Removing hal_uart.o(i.UART_StructInit), (26 bytes).
    Removing hal_wwdg.o(.rev16_text), (4 bytes).
    Removing hal_wwdg.o(.revsh_text), (4 bytes).
    Removing hal_wwdg.o(i.WWDG_ClearFlag), (12 bytes).
    Removing hal_wwdg.o(i.WWDG_DeInit), (22 bytes).
    Removing hal_wwdg.o(i.WWDG_Enable), (16 bytes).
    Removing hal_wwdg.o(i.WWDG_EnableIT), (20 bytes).
    Removing hal_wwdg.o(i.WWDG_GetFlagStatus), (12 bytes).
    Removing hal_wwdg.o(i.WWDG_SetCounter), (16 bytes).
    Removing hal_wwdg.o(i.WWDG_SetPrescaler), (32 bytes).
    Removing hal_wwdg.o(i.WWDG_SetWindowValue), (28 bytes).

306 unused section(s) (total 10316 bytes) removed from the image.

==============================================================================

Image Symbol Table

    Local Symbols

    Symbol Name                              Value     Ov Type        Size  Object(Section)

    ../clib/angel/boardlib.s                 0x00000000   Number         0  boardinit1.o ABSOLUTE
    ../clib/angel/boardlib.s                 0x00000000   Number         0  boardinit2.o ABSOLUTE
    ../clib/angel/boardlib.s                 0x00000000   Number         0  boardinit3.o ABSOLUTE
    ../clib/angel/boardlib.s                 0x00000000   Number         0  boardshut.o ABSOLUTE
    ../clib/angel/handlers.s                 0x00000000   Number         0  __scatter_zi.o ABSOLUTE
    ../clib/angel/handlers.s                 0x00000000   Number         0  __scatter_copy.o ABSOLUTE
    ../clib/angel/kernel.s                   0x00000000   Number         0  __rtentry4.o ABSOLUTE
    ../clib/angel/kernel.s                   0x00000000   Number         0  __rtentry2.o ABSOLUTE
    ../clib/angel/kernel.s                   0x00000000   Number         0  __rtentry.o ABSOLUTE
    ../clib/angel/kernel.s                   0x00000000   Number         0  rtexit2.o ABSOLUTE
    ../clib/angel/kernel.s                   0x00000000   Number         0  rtexit.o ABSOLUTE
    ../clib/angel/rt.s                       0x00000000   Number         0  aeabi_idiv0_sigfpe.o ABSOLUTE
    ../clib/angel/rt.s                       0x00000000   Number         0  rt_raise.o ABSOLUTE
    ../clib/angel/rt.s                       0x00000000   Number         0  aeabi_idiv0.o ABSOLUTE
    ../clib/angel/rt.s                       0x00000000   Number         0  rt_div0.o ABSOLUTE
    ../clib/angel/scatterp.s                 0x00000000   Number         0  __scatter.o ABSOLUTE
    ../clib/angel/startup.s                  0x00000000   Number         0  __main.o ABSOLUTE
    ../clib/angel/sys.s                      0x00000000   Number         0  use_no_semi.o ABSOLUTE
    ../clib/angel/sys.s                      0x00000000   Number         0  sys_stackheap_outer.o ABSOLUTE
    ../clib/angel/sys.s                      0x00000000   Number         0  tempstk.o ABSOLUTE
    ../clib/angel/sys.s                      0x00000000   Number         0  libspace.o ABSOLUTE
    ../clib/angel/sys.s                      0x00000000   Number         0  indicate_semi.o ABSOLUTE
    ../clib/angel/sysapp.c                   0x00000000   Number         0  sys_wrch.o ABSOLUTE
    ../clib/angel/sysapp.c                   0x00000000   Number         0  sys_command.o ABSOLUTE
    ../clib/angel/sysapp.c                   0x00000000   Number         0  sys_exit.o ABSOLUTE
    ../clib/armsys.c                         0x00000000   Number         0  argv_veneer.o ABSOLUTE
    ../clib/armsys.c                         0x00000000   Number         0  no_argv.o ABSOLUTE
    ../clib/armsys.c                         0x00000000   Number         0  _get_argv_nomalloc.o ABSOLUTE
    ../clib/division.s                       0x00000000   Number         0  aeabi_sdiv_div0.o ABSOLUTE
    ../clib/division.s                       0x00000000   Number         0  aeabi_sdiv.o ABSOLUTE
    ../clib/heapalloc.c                      0x00000000   Number         0  hrguard.o ABSOLUTE
    ../clib/heapaux.c                        0x00000000   Number         0  heapauxi.o ABSOLUTE
    ../clib/libinit.s                        0x00000000   Number         0  libinit.o ABSOLUTE
    ../clib/libinit.s                        0x00000000   Number         0  libshutdown2.o ABSOLUTE
    ../clib/libinit.s                        0x00000000   Number         0  libshutdown.o ABSOLUTE
    ../clib/libinit.s                        0x00000000   Number         0  libinit2.o ABSOLUTE
    ../clib/signal.c                         0x00000000   Number         0  defsig_other.o ABSOLUTE
    ../clib/signal.c                         0x00000000   Number         0  defsig_segv_inner.o ABSOLUTE
    ../clib/signal.c                         0x00000000   Number         0  defsig_cppl_inner.o ABSOLUTE
    ../clib/signal.c                         0x00000000   Number         0  defsig_pvfn_inner.o ABSOLUTE
    ../clib/signal.c                         0x00000000   Number         0  defsig_stak_inner.o ABSOLUTE
    ../clib/signal.c                         0x00000000   Number         0  defsig_rtmem_formal.o ABSOLUTE
    ../clib/signal.c                         0x00000000   Number         0  defsig_rtmem_outer.o ABSOLUTE
    ../clib/signal.c                         0x00000000   Number         0  defsig_rtmem_inner.o ABSOLUTE
    ../clib/signal.c                         0x00000000   Number         0  defsig_abrt_inner.o ABSOLUTE
    ../clib/signal.c                         0x00000000   Number         0  defsig_general.o ABSOLUTE
    ../clib/signal.c                         0x00000000   Number         0  __raise.o ABSOLUTE
    ../clib/signal.c                         0x00000000   Number         0  defsig_rtred_inner.o ABSOLUTE
    ../clib/signal.c                         0x00000000   Number         0  defsig_exit.o ABSOLUTE
    ../clib/signal.c                         0x00000000   Number         0  defsig_fpe_inner.o ABSOLUTE
    ../clib/signal.c                         0x00000000   Number         0  defsig_fpe_formal.o ABSOLUTE
    ../clib/signal.c                         0x00000000   Number         0  defsig_fpe_outer.o ABSOLUTE
    ../clib/signal.s                         0x00000000   Number         0  defsig.o ABSOLUTE
    ../clib/stdlib.c                         0x00000000   Number         0  exit.o ABSOLUTE
    ../fplib/cfplib/d2f.c                    0x00000000   Number         0  d2f.o ABSOLUTE
    ../fplib/cfplib/dmul.c                   0x00000000   Number         0  dmul.o ABSOLUTE
    ../fplib/cfplib/f2d.c                    0x00000000   Number         0  f2d.o ABSOLUTE
    ../fplib/cfplib/fdiv.c                   0x00000000   Number         0  fdiv.o ABSOLUTE
    ../fplib/cfplib/fflt.c                   0x00000000   Number         0  fflti.o ABSOLUTE
    ../fplib/cfplib/fpinit.c                 0x00000000   Number         0  fpinit.o ABSOLUTE
    ../fplib/usenofp.s                       0x00000000   Number         0  usenofp.o ABSOLUTE
    ..\..\..\..\..\Device\MM32F003_q\HAL_lib\src\HAL_adc.c 0x00000000   Number         0  hal_adc.o ABSOLUTE
    ..\..\..\..\..\Device\MM32F003_q\HAL_lib\src\HAL_dma.c 0x00000000   Number         0  hal_dma.o ABSOLUTE
    ..\..\..\..\..\Device\MM32F003_q\HAL_lib\src\HAL_exti.c 0x00000000   Number         0  hal_exti.o ABSOLUTE
    ..\..\..\..\..\Device\MM32F003_q\HAL_lib\src\HAL_flash.c 0x00000000   Number         0  hal_flash.o ABSOLUTE
    ..\..\..\..\..\Device\MM32F003_q\HAL_lib\src\HAL_gpio.c 0x00000000   Number         0  hal_gpio.o ABSOLUTE
    ..\..\..\..\..\Device\MM32F003_q\HAL_lib\src\HAL_i2c.c 0x00000000   Number         0  hal_i2c.o ABSOLUTE
    ..\..\..\..\..\Device\MM32F003_q\HAL_lib\src\HAL_iwdg.c 0x00000000   Number         0  hal_iwdg.o ABSOLUTE
    ..\..\..\..\..\Device\MM32F003_q\HAL_lib\src\HAL_misc.c 0x00000000   Number         0  hal_misc.o ABSOLUTE
    ..\..\..\..\..\Device\MM32F003_q\HAL_lib\src\HAL_pwr.c 0x00000000   Number         0  hal_pwr.o ABSOLUTE
    ..\..\..\..\..\Device\MM32F003_q\HAL_lib\src\HAL_rcc.c 0x00000000   Number         0  hal_rcc.o ABSOLUTE
    ..\..\..\..\..\Device\MM32F003_q\HAL_lib\src\HAL_spi.c 0x00000000   Number         0  hal_spi.o ABSOLUTE
    ..\..\..\..\..\Device\MM32F003_q\HAL_lib\src\HAL_syscfg.c 0x00000000   Number         0  hal_syscfg.o ABSOLUTE
    ..\..\..\..\..\Device\MM32F003_q\HAL_lib\src\HAL_tim.c 0x00000000   Number         0  hal_tim.o ABSOLUTE
    ..\..\..\..\..\Device\MM32F003_q\HAL_lib\src\HAL_uart.c 0x00000000   Number         0  hal_uart.o ABSOLUTE
    ..\..\..\..\..\Device\MM32F003_q\HAL_lib\src\HAL_wwdg.c 0x00000000   Number         0  hal_wwdg.o ABSOLUTE
    ..\..\..\..\..\Device\MM32F003_q\Source\KEIL_StartAsm\startup_MM32F003_q.s 0x00000000   Number         0  startup_mm32f003_q.o ABSOLUTE
    ..\..\..\..\..\Device\MM32F003_q\Source\system_MM32F003_q.c 0x00000000   Number         0  system_mm32f003_q.o ABSOLUTE
    ..\USER\main.c                           0x00000000   Number         0  main.o ABSOLUTE
    ..\\..\\..\\..\\..\\Device\\MM32F003_q\\HAL_lib\\src\\HAL_adc.c 0x00000000   Number         0  hal_adc.o ABSOLUTE
    ..\\..\\..\\..\\..\\Device\\MM32F003_q\\HAL_lib\\src\\HAL_dma.c 0x00000000   Number         0  hal_dma.o ABSOLUTE
    ..\\..\\..\\..\\..\\Device\\MM32F003_q\\HAL_lib\\src\\HAL_exti.c 0x00000000   Number         0  hal_exti.o ABSOLUTE
    ..\\..\\..\\..\\..\\Device\\MM32F003_q\\HAL_lib\\src\\HAL_flash.c 0x00000000   Number         0  hal_flash.o ABSOLUTE
    ..\\..\\..\\..\\..\\Device\\MM32F003_q\\HAL_lib\\src\\HAL_gpio.c 0x00000000   Number         0  hal_gpio.o ABSOLUTE
    ..\\..\\..\\..\\..\\Device\\MM32F003_q\\HAL_lib\\src\\HAL_i2c.c 0x00000000   Number         0  hal_i2c.o ABSOLUTE
    ..\\..\\..\\..\\..\\Device\\MM32F003_q\\HAL_lib\\src\\HAL_iwdg.c 0x00000000   Number         0  hal_iwdg.o ABSOLUTE
    ..\\..\\..\\..\\..\\Device\\MM32F003_q\\HAL_lib\\src\\HAL_misc.c 0x00000000   Number         0  hal_misc.o ABSOLUTE
    ..\\..\\..\\..\\..\\Device\\MM32F003_q\\HAL_lib\\src\\HAL_pwr.c 0x00000000   Number         0  hal_pwr.o ABSOLUTE
    ..\\..\\..\\..\\..\\Device\\MM32F003_q\\HAL_lib\\src\\HAL_rcc.c 0x00000000   Number         0  hal_rcc.o ABSOLUTE
    ..\\..\\..\\..\\..\\Device\\MM32F003_q\\HAL_lib\\src\\HAL_spi.c 0x00000000   Number         0  hal_spi.o ABSOLUTE
    ..\\..\\..\\..\\..\\Device\\MM32F003_q\\HAL_lib\\src\\HAL_syscfg.c 0x00000000   Number         0  hal_syscfg.o ABSOLUTE
    ..\\..\\..\\..\\..\\Device\\MM32F003_q\\HAL_lib\\src\\HAL_tim.c 0x00000000   Number         0  hal_tim.o ABSOLUTE
    ..\\..\\..\\..\\..\\Device\\MM32F003_q\\HAL_lib\\src\\HAL_uart.c 0x00000000   Number         0  hal_uart.o ABSOLUTE
    ..\\..\\..\\..\\..\\Device\\MM32F003_q\\HAL_lib\\src\\HAL_wwdg.c 0x00000000   Number         0  hal_wwdg.o ABSOLUTE
    ..\\..\\..\\..\\..\\Device\\MM32F003_q\\Source\\system_MM32F003_q.c 0x00000000   Number         0  system_mm32f003_q.o ABSOLUTE
    ..\\USER\\main.c                         0x00000000   Number         0  main.o ABSOLUTE
    dc.s                                     0x00000000   Number         0  dc.o ABSOLUTE
    RESET                                    0x08000000   Section      180  startup_mm32f003_q.o(RESET)
    !!!main                                  0x080000b4   Section        8  __main.o(!!!main)
    !!!scatter                               0x080000bc   Section       60  __scatter.o(!!!scatter)
    !!handler_copy                           0x080000f8   Section       26  __scatter_copy.o(!!handler_copy)
    !!handler_zi                             0x08000114   Section       28  __scatter_zi.o(!!handler_zi)
    .ARM.Collect$$libinit$$00000000          0x08000130   Section        2  libinit.o(.ARM.Collect$$libinit$$00000000)
    .ARM.Collect$$libinit$$00000002          0x08000132   Section        0  libinit2.o(.ARM.Collect$$libinit$$00000002)
    .ARM.Collect$$libinit$$00000004          0x08000132   Section        0  libinit2.o(.ARM.Collect$$libinit$$00000004)
    .ARM.Collect$$libinit$$0000000A          0x08000132   Section        0  libinit2.o(.ARM.Collect$$libinit$$0000000A)
    .ARM.Collect$$libinit$$0000000C          0x08000132   Section        0  libinit2.o(.ARM.Collect$$libinit$$0000000C)
    .ARM.Collect$$libinit$$0000000E          0x08000132   Section        0  libinit2.o(.ARM.Collect$$libinit$$0000000E)
    .ARM.Collect$$libinit$$00000011          0x08000132   Section        0  libinit2.o(.ARM.Collect$$libinit$$00000011)
    .ARM.Collect$$libinit$$00000013          0x08000132   Section        0  libinit2.o(.ARM.Collect$$libinit$$00000013)
    .ARM.Collect$$libinit$$00000015          0x08000132   Section        0  libinit2.o(.ARM.Collect$$libinit$$00000015)
    .ARM.Collect$$libinit$$00000017          0x08000132   Section        0  libinit2.o(.ARM.Collect$$libinit$$00000017)
    .ARM.Collect$$libinit$$00000019          0x08000132   Section        0  libinit2.o(.ARM.Collect$$libinit$$00000019)
    .ARM.Collect$$libinit$$0000001B          0x08000132   Section        0  libinit2.o(.ARM.Collect$$libinit$$0000001B)
    .ARM.Collect$$libinit$$0000001D          0x08000132   Section        0  libinit2.o(.ARM.Collect$$libinit$$0000001D)
    .ARM.Collect$$libinit$$0000001F          0x08000132   Section        0  libinit2.o(.ARM.Collect$$libinit$$0000001F)
    .ARM.Collect$$libinit$$00000021          0x08000132   Section        0  libinit2.o(.ARM.Collect$$libinit$$00000021)
    .ARM.Collect$$libinit$$00000023          0x08000132   Section        0  libinit2.o(.ARM.Collect$$libinit$$00000023)
    .ARM.Collect$$libinit$$00000025          0x08000132   Section        0  libinit2.o(.ARM.Collect$$libinit$$00000025)
    .ARM.Collect$$libinit$$0000002C          0x08000132   Section        0  libinit2.o(.ARM.Collect$$libinit$$0000002C)
    .ARM.Collect$$libinit$$0000002E          0x08000132   Section        0  libinit2.o(.ARM.Collect$$libinit$$0000002E)
    .ARM.Collect$$libinit$$00000030          0x08000132   Section        0  libinit2.o(.ARM.Collect$$libinit$$00000030)
    .ARM.Collect$$libinit$$00000032          0x08000132   Section        0  libinit2.o(.ARM.Collect$$libinit$$00000032)
    .ARM.Collect$$libinit$$00000033          0x08000132   Section        2  libinit2.o(.ARM.Collect$$libinit$$00000033)
    .ARM.Collect$$libshutdown$$00000000      0x08000134   Section        2  libshutdown.o(.ARM.Collect$$libshutdown$$00000000)
    .ARM.Collect$$libshutdown$$00000002      0x08000136   Section        0  libshutdown2.o(.ARM.Collect$$libshutdown$$00000002)
    .ARM.Collect$$libshutdown$$00000004      0x08000136   Section        0  libshutdown2.o(.ARM.Collect$$libshutdown$$00000004)
    .ARM.Collect$$libshutdown$$00000007      0x08000136   Section        0  libshutdown2.o(.ARM.Collect$$libshutdown$$00000007)
    .ARM.Collect$$libshutdown$$0000000A      0x08000136   Section        0  libshutdown2.o(.ARM.Collect$$libshutdown$$0000000A)
    .ARM.Collect$$libshutdown$$0000000C      0x08000136   Section        0  libshutdown2.o(.ARM.Collect$$libshutdown$$0000000C)
    .ARM.Collect$$libshutdown$$0000000F      0x08000136   Section        0  libshutdown2.o(.ARM.Collect$$libshutdown$$0000000F)
    .ARM.Collect$$libshutdown$$00000010      0x08000136   Section        2  libshutdown2.o(.ARM.Collect$$libshutdown$$00000010)
    .ARM.Collect$$rtentry$$00000000          0x08000138   Section        0  __rtentry.o(.ARM.Collect$$rtentry$$00000000)
    .ARM.Collect$$rtentry$$00000002          0x08000138   Section        0  __rtentry2.o(.ARM.Collect$$rtentry$$00000002)
    .ARM.Collect$$rtentry$$00000004          0x08000138   Section        6  __rtentry4.o(.ARM.Collect$$rtentry$$00000004)
    .ARM.Collect$$rtentry$$00000009          0x0800013e   Section        0  __rtentry2.o(.ARM.Collect$$rtentry$$00000009)
    .ARM.Collect$$rtentry$$0000000A          0x0800013e   Section        4  __rtentry2.o(.ARM.Collect$$rtentry$$0000000A)
    .ARM.Collect$$rtentry$$0000000C          0x08000142   Section        0  __rtentry2.o(.ARM.Collect$$rtentry$$0000000C)
    .ARM.Collect$$rtentry$$0000000D          0x08000142   Section        8  __rtentry2.o(.ARM.Collect$$rtentry$$0000000D)
    .ARM.Collect$$rtexit$$00000000           0x0800014a   Section        2  rtexit.o(.ARM.Collect$$rtexit$$00000000)
    .ARM.Collect$$rtexit$$00000002           0x0800014c   Section        0  rtexit2.o(.ARM.Collect$$rtexit$$00000002)
    .ARM.Collect$$rtexit$$00000003           0x0800014c   Section        4  rtexit2.o(.ARM.Collect$$rtexit$$00000003)
    .ARM.Collect$$rtexit$$00000004           0x08000150   Section        6  rtexit2.o(.ARM.Collect$$rtexit$$00000004)
    .text                                    0x08000158   Section      120  startup_mm32f003_q.o(.text)
    .text                                    0x080001d0   Section      346  aeabi_sdiv.o(.text)
    .text                                    0x0800032a   Section        0  heapauxi.o(.text)
    .text                                    0x08000330   Section        0  d2f.o(.text)
    .text                                    0x080003ac   Section        0  dmul.o(.text)
    .text                                    0x080005f4   Section        0  f2d.o(.text)
    .text                                    0x08000648   Section        0  fdiv.o(.text)
    .text                                    0x080007a8   Section        0  fflti.o(.text)
    .text                                    0x08000806   Section       62  sys_stackheap_outer.o(.text)
    .text                                    0x08000844   Section        0  exit.o(.text)
    .text                                    0x08000854   Section        8  libspace.o(.text)
    .text                                    0x0800085c   Section        0  sys_exit.o(.text)
    .text                                    0x08000868   Section        2  use_no_semi.o(.text)
    .text                                    0x0800086a   Section        0  indicate_semi.o(.text)
    i.ADCConfig                              0x0800086c   Section        0  main.o(i.ADCConfig)
    i.ADCFilter                              0x08000908   Section        0  main.o(i.ADCFilter)
    i.ADCSingleChannelInit                   0x08000984   Section        0  main.o(i.ADCSingleChannelInit)
    i.ADC_Cmd                                0x080009ec   Section        0  hal_adc.o(i.ADC_Cmd)
    i.ADC_DMACmd                             0x08000a04   Section        0  hal_adc.o(i.ADC_DMACmd)
    i.ADC_Init                               0x08000a1c   Section        0  hal_adc.o(i.ADC_Init)
    i.ADC_RegularChannelConfig               0x08000a50   Section        0  hal_adc.o(i.ADC_RegularChannelConfig)
    i.ADC_SoftwareStartConvCmd               0x08000b60   Section        0  hal_adc.o(i.ADC_SoftwareStartConvCmd)
    i.ADC_StructInit                         0x08000b7c   Section        0  hal_adc.o(i.ADC_StructInit)
    i.ADC_TempSensorCmd                      0x08000b8c   Section        0  hal_adc.o(i.ADC_TempSensorCmd)
    i.ADC_VrefintCmd                         0x08000bcc   Section        0  hal_adc.o(i.ADC_VrefintCmd)
    i.DMA1_Channel1_IRQHandler               0x08000c0c   Section        0  main.o(i.DMA1_Channel1_IRQHandler)
    i.DMAInit                                0x08000c28   Section        0  main.o(i.DMAInit)
    i.DMA_ClearITPendingBit                  0x08000ca4   Section        0  hal_dma.o(i.DMA_ClearITPendingBit)
    i.DMA_Cmd                                0x08000cb0   Section        0  hal_dma.o(i.DMA_Cmd)
    i.DMA_DeInit                             0x08000cc8   Section        0  hal_dma.o(i.DMA_DeInit)
    i.DMA_ITConfig                           0x08000d6c   Section        0  hal_dma.o(i.DMA_ITConfig)
    i.DMA_Init                               0x08000d80   Section        0  hal_dma.o(i.DMA_Init)
    i.GPIO_Config_AIN                        0x08000dc0   Section        0  main.o(i.GPIO_Config_AIN)
    i.GPIO_Init                              0x08000e24   Section        0  hal_gpio.o(i.GPIO_Init)
    i.Get_ADCVolatge                         0x08000f04   Section        0  main.o(i.Get_ADCVolatge)
    i.NVIC_Init                              0x08000f48   Section        0  hal_misc.o(i.NVIC_Init)
    i.RCC_AHBPeriphClockCmd                  0x08000fb8   Section        0  hal_rcc.o(i.RCC_AHBPeriphClockCmd)
    i.RCC_APB2PeriphClockCmd                 0x08000fd8   Section        0  hal_rcc.o(i.RCC_APB2PeriphClockCmd)
    i.SetSysClock                            0x08000ff8   Section        0  system_mm32f003_q.o(i.SetSysClock)
    SetSysClock                              0x08000ff9   Thumb Code     8  system_mm32f003_q.o(i.SetSysClock)
    i.SetSysClockTo48_HSI                    0x08001000   Section        0  system_mm32f003_q.o(i.SetSysClockTo48_HSI)
    SetSysClockTo48_HSI                      0x08001001   Thumb Code   124  system_mm32f003_q.o(i.SetSysClockTo48_HSI)
    i.SysTick_Handler                        0x08001084   Section        0  main.o(i.SysTick_Handler)
    i.SystemInit                             0x08001094   Section        0  system_mm32f003_q.o(i.SystemInit)
    i.__ARM_common_switch8                   0x080010e0   Section        0  hal_adc.o(i.__ARM_common_switch8)
    i.main                                   0x080010fc   Section        0  main.o(i.main)
    .constdata                               0x08001134   Section       64  fdiv.o(.constdata)
    x$fpl$usenofp                            0x08001134   Section        0  usenofp.o(x$fpl$usenofp)
    fdiv_tab                                 0x08001134   Data          64  fdiv.o(.constdata)
    .data                                    0x20000000   Section       24  main.o(.data)
    cnt                                      0x2000000c   Data           4  main.o(.data)
    cntFilter                                0x20000010   Data           2  main.o(.data)
    lADCFilterValue                          0x20000014   Data           4  main.o(.data)
    .bss                                     0x20000018   Section       40  main.o(.bss)
    .bss                                     0x20000040   Section       96  libspace.o(.bss)
    HEAP                                     0x200000a0   Section        0  startup_mm32f003_q.o(HEAP)
    STACK                                    0x200000a0   Section      512  startup_mm32f003_q.o(STACK)
    Heap_Mem                                 0x200000a0   Data           0  startup_mm32f003_q.o(HEAP)
    Stack_Mem                                0x200000a0   Data         512  startup_mm32f003_q.o(STACK)
    __initial_sp                             0x200002a0   Data           0  startup_mm32f003_q.o(STACK)

    Global Symbols

    Symbol Name                              Value     Ov Type        Size  Object(Section)

    BuildAttributes$$THM_ISAv3M$S$PE$A:L22$X:L11$S22$IEEE1$IW$USESV6$~STKCKD$USESV7$~SHL$OSPACE$ROPI$EBA8$UX$STANDARDLIB$REQ8$PRES8$EABIv2 0x00000000   Number         0  anon$$obj.o ABSOLUTE
    __ARM_use_no_argv                        0x00000000   Number         0  main.o ABSOLUTE
    __ARM_exceptions_init                     - Undefined Weak Reference
    __alloca_initialize                       - Undefined Weak Reference
    __arm_preinit_                            - Undefined Weak Reference
    __cpp_initialize__aeabi_                  - Undefined Weak Reference
    __cxa_finalize                            - Undefined Weak Reference
    __rt_locale                               - Undefined Weak Reference
    __sigvec_lookup                           - Undefined Weak Reference
    _atexit_init                              - Undefined Weak Reference
    _call_atexit_fns                          - Undefined Weak Reference
    _clock_init                               - Undefined Weak Reference
    _fp_trap_init                             - Undefined Weak Reference
    _fp_trap_shutdown                         - Undefined Weak Reference
    _get_lc_collate                           - Undefined Weak Reference
    _get_lc_ctype                             - Undefined Weak Reference
    _get_lc_monetary                          - Undefined Weak Reference
    _get_lc_numeric                           - Undefined Weak Reference
    _get_lc_time                              - Undefined Weak Reference
    _getenv_init                              - Undefined Weak Reference
    _handle_redirection                       - Undefined Weak Reference
    _init_alloc                               - Undefined Weak Reference
    _init_user_alloc                          - Undefined Weak Reference
    _initio                                   - Undefined Weak Reference
    _rand_init                                - Undefined Weak Reference
    _signal_finish                            - Undefined Weak Reference
    _signal_init                              - Undefined Weak Reference
    _terminate_alloc                          - Undefined Weak Reference
    _terminate_user_alloc                     - Undefined Weak Reference
    _terminateio                              - Undefined Weak Reference
    __Vectors_Size                           0x000000b4   Number         0  startup_mm32f003_q.o ABSOLUTE
    __Vectors                                0x08000000   Data           4  startup_mm32f003_q.o(RESET)
    __Vectors_End                            0x080000b4   Data           0  startup_mm32f003_q.o(RESET)
    __main                                   0x080000b5   Thumb Code     8  __main.o(!!!main)
    __scatterload                            0x080000bd   Thumb Code     0  __scatter.o(!!!scatter)
    __scatterload_rt2                        0x080000bd   Thumb Code    52  __scatter.o(!!!scatter)
    __scatterload_rt2_thumb_only             0x080000bd   Thumb Code     0  __scatter.o(!!!scatter)
    __scatterload_null                       0x080000cd   Thumb Code     0  __scatter.o(!!!scatter)
    __scatterload_copy                       0x080000f9   Thumb Code    26  __scatter_copy.o(!!handler_copy)
    __scatterload_zeroinit                   0x08000115   Thumb Code    28  __scatter_zi.o(!!handler_zi)
    __rt_lib_init                            0x08000131   Thumb Code     0  libinit.o(.ARM.Collect$$libinit$$00000000)
    __rt_lib_init_alloca_1                   0x08000133   Thumb Code     0  libinit2.o(.ARM.Collect$$libinit$$0000002E)
    __rt_lib_init_argv_1                     0x08000133   Thumb Code     0  libinit2.o(.ARM.Collect$$libinit$$0000002C)
    __rt_lib_init_atexit_1                   0x08000133   Thumb Code     0  libinit2.o(.ARM.Collect$$libinit$$0000001B)
    __rt_lib_init_clock_1                    0x08000133   Thumb Code     0  libinit2.o(.ARM.Collect$$libinit$$00000021)
    __rt_lib_init_cpp_1                      0x08000133   Thumb Code     0  libinit2.o(.ARM.Collect$$libinit$$00000032)
    __rt_lib_init_exceptions_1               0x08000133   Thumb Code     0  libinit2.o(.ARM.Collect$$libinit$$00000030)
    __rt_lib_init_fp_1                       0x08000133   Thumb Code     0  libinit2.o(.ARM.Collect$$libinit$$00000002)
    __rt_lib_init_fp_trap_1                  0x08000133   Thumb Code     0  libinit2.o(.ARM.Collect$$libinit$$0000001F)
    __rt_lib_init_getenv_1                   0x08000133   Thumb Code     0  libinit2.o(.ARM.Collect$$libinit$$00000023)
    __rt_lib_init_heap_1                     0x08000133   Thumb Code     0  libinit2.o(.ARM.Collect$$libinit$$0000000A)
    __rt_lib_init_lc_collate_1               0x08000133   Thumb Code     0  libinit2.o(.ARM.Collect$$libinit$$00000011)
    __rt_lib_init_lc_ctype_1                 0x08000133   Thumb Code     0  libinit2.o(.ARM.Collect$$libinit$$00000013)
    __rt_lib_init_lc_monetary_1              0x08000133   Thumb Code     0  libinit2.o(.ARM.Collect$$libinit$$00000015)
    __rt_lib_init_lc_numeric_1               0x08000133   Thumb Code     0  libinit2.o(.ARM.Collect$$libinit$$00000017)
    __rt_lib_init_lc_time_1                  0x08000133   Thumb Code     0  libinit2.o(.ARM.Collect$$libinit$$00000019)
    __rt_lib_init_preinit_1                  0x08000133   Thumb Code     0  libinit2.o(.ARM.Collect$$libinit$$00000004)
    __rt_lib_init_rand_1                     0x08000133   Thumb Code     0  libinit2.o(.ARM.Collect$$libinit$$0000000E)
    __rt_lib_init_return                     0x08000133   Thumb Code     0  libinit2.o(.ARM.Collect$$libinit$$00000033)
    __rt_lib_init_signal_1                   0x08000133   Thumb Code     0  libinit2.o(.ARM.Collect$$libinit$$0000001D)
    __rt_lib_init_stdio_1                    0x08000133   Thumb Code     0  libinit2.o(.ARM.Collect$$libinit$$00000025)
    __rt_lib_init_user_alloc_1               0x08000133   Thumb Code     0  libinit2.o(.ARM.Collect$$libinit$$0000000C)
    __rt_lib_shutdown                        0x08000135   Thumb Code     0  libshutdown.o(.ARM.Collect$$libshutdown$$00000000)
    __rt_lib_shutdown_cpp_1                  0x08000137   Thumb Code     0  libshutdown2.o(.ARM.Collect$$libshutdown$$00000002)
    __rt_lib_shutdown_fp_trap_1              0x08000137   Thumb Code     0  libshutdown2.o(.ARM.Collect$$libshutdown$$00000007)
    __rt_lib_shutdown_heap_1                 0x08000137   Thumb Code     0  libshutdown2.o(.ARM.Collect$$libshutdown$$0000000F)
    __rt_lib_shutdown_return                 0x08000137   Thumb Code     0  libshutdown2.o(.ARM.Collect$$libshutdown$$00000010)
    __rt_lib_shutdown_signal_1               0x08000137   Thumb Code     0  libshutdown2.o(.ARM.Collect$$libshutdown$$0000000A)
    __rt_lib_shutdown_stdio_1                0x08000137   Thumb Code     0  libshutdown2.o(.ARM.Collect$$libshutdown$$00000004)
    __rt_lib_shutdown_user_alloc_1           0x08000137   Thumb Code     0  libshutdown2.o(.ARM.Collect$$libshutdown$$0000000C)
    __rt_entry                               0x08000139   Thumb Code     0  __rtentry.o(.ARM.Collect$$rtentry$$00000000)
    __rt_entry_presh_1                       0x08000139   Thumb Code     0  __rtentry2.o(.ARM.Collect$$rtentry$$00000002)
    __rt_entry_sh                            0x08000139   Thumb Code     0  __rtentry4.o(.ARM.Collect$$rtentry$$00000004)
    __rt_entry_li                            0x0800013f   Thumb Code     0  __rtentry2.o(.ARM.Collect$$rtentry$$0000000A)
    __rt_entry_postsh_1                      0x0800013f   Thumb Code     0  __rtentry2.o(.ARM.Collect$$rtentry$$00000009)
    __rt_entry_main                          0x08000143   Thumb Code     0  __rtentry2.o(.ARM.Collect$$rtentry$$0000000D)
    __rt_entry_postli_1                      0x08000143   Thumb Code     0  __rtentry2.o(.ARM.Collect$$rtentry$$0000000C)
    __rt_exit                                0x0800014b   Thumb Code     0  rtexit.o(.ARM.Collect$$rtexit$$00000000)
    __rt_exit_ls                             0x0800014d   Thumb Code     0  rtexit2.o(.ARM.Collect$$rtexit$$00000003)
    __rt_exit_prels_1                        0x0800014d   Thumb Code     0  rtexit2.o(.ARM.Collect$$rtexit$$00000002)
    __rt_exit_exit                           0x08000151   Thumb Code     0  rtexit2.o(.ARM.Collect$$rtexit$$00000004)
    Reset_Handler                            0x08000159   Thumb Code    38  startup_mm32f003_q.o(.text)
    NMI_Handler                              0x0800017f   Thumb Code     2  startup_mm32f003_q.o(.text)
    HardFault_Handler                        0x08000181   Thumb Code     2  startup_mm32f003_q.o(.text)
    MemManage_Handler                        0x08000183   Thumb Code     2  startup_mm32f003_q.o(.text)
    BusFault_Handler                         0x08000185   Thumb Code     2  startup_mm32f003_q.o(.text)
    UsageFault_Handler                       0x08000187   Thumb Code     2  startup_mm32f003_q.o(.text)
    SVC_Handler                              0x08000189   Thumb Code     2  startup_mm32f003_q.o(.text)
    DebugMon_Handler                         0x0800018b   Thumb Code     2  startup_mm32f003_q.o(.text)
    PendSV_Handler                           0x0800018d   Thumb Code     2  startup_mm32f003_q.o(.text)
    ADC1_IRQHandler                          0x08000191   Thumb Code     0  startup_mm32f003_q.o(.text)
    DMA1_Channel2_3_IRQHandler               0x08000191   Thumb Code     0  startup_mm32f003_q.o(.text)
    DMA1_Channel4_5_IRQHandler               0x08000191   Thumb Code     0  startup_mm32f003_q.o(.text)
    EXTI0_1_IRQHandler                       0x08000191   Thumb Code     0  startup_mm32f003_q.o(.text)
    EXTI2_3_IRQHandler                       0x08000191   Thumb Code     0  startup_mm32f003_q.o(.text)
    EXTI4_15_IRQHandler                      0x08000191   Thumb Code     0  startup_mm32f003_q.o(.text)
    FLASH_IRQHandler                         0x08000191   Thumb Code     0  startup_mm32f003_q.o(.text)
    I2C1_IRQHandler                          0x08000191   Thumb Code     0  startup_mm32f003_q.o(.text)
    PVD_IRQHandler                           0x08000191   Thumb Code     0  startup_mm32f003_q.o(.text)
    RCC_IRQHandler                           0x08000191   Thumb Code     0  startup_mm32f003_q.o(.text)
    SPI2_IRQHandler                          0x08000191   Thumb Code     0  startup_mm32f003_q.o(.text)
    TIM14_IRQHandler                         0x08000191   Thumb Code     0  startup_mm32f003_q.o(.text)
    TIM16_IRQHandler                         0x08000191   Thumb Code     0  startup_mm32f003_q.o(.text)
    TIM17_IRQHandler                         0x08000191   Thumb Code     0  startup_mm32f003_q.o(.text)
    TIM1_BRK_UP_TRG_COM_IRQHandler           0x08000191   Thumb Code     0  startup_mm32f003_q.o(.text)
    TIM1_CC_IRQHandler                       0x08000191   Thumb Code     0  startup_mm32f003_q.o(.text)
    TIM2_IRQHandler                          0x08000191   Thumb Code     0  startup_mm32f003_q.o(.text)
    TIM3_IRQHandler                          0x08000191   Thumb Code     0  startup_mm32f003_q.o(.text)
    UART2_IRQHandler                         0x08000191   Thumb Code     0  startup_mm32f003_q.o(.text)
    WWDG_IRQHandler                          0x08000191   Thumb Code     0  startup_mm32f003_q.o(.text)
    __user_initial_stackheap                 0x08000195   Thumb Code     0  startup_mm32f003_q.o(.text)
    __aeabi_uidiv                            0x080001d1   Thumb Code     0  aeabi_sdiv.o(.text)
    __aeabi_uidivmod                         0x080001d1   Thumb Code    20  aeabi_sdiv.o(.text)
    __aeabi_idiv                             0x080001e5   Thumb Code     0  aeabi_sdiv.o(.text)
    __aeabi_idivmod                          0x080001e5   Thumb Code   326  aeabi_sdiv.o(.text)
    __use_two_region_memory                  0x0800032b   Thumb Code     2  heapauxi.o(.text)
    __rt_heap_escrow$2region                 0x0800032d   Thumb Code     2  heapauxi.o(.text)
    __rt_heap_expand$2region                 0x0800032f   Thumb Code     2  heapauxi.o(.text)
    __aeabi_d2f                              0x08000331   Thumb Code     0  d2f.o(.text)
    _d2f                                     0x08000331   Thumb Code   120  d2f.o(.text)
    __aeabi_dmul                             0x080003ad   Thumb Code     0  dmul.o(.text)
    _dmul                                    0x080003ad   Thumb Code   558  dmul.o(.text)
    __aeabi_f2d                              0x080005f5   Thumb Code     0  f2d.o(.text)
    _f2d                                     0x080005f5   Thumb Code    80  f2d.o(.text)
    __aeabi_fdiv                             0x08000649   Thumb Code     0  fdiv.o(.text)
    _fdiv                                    0x08000649   Thumb Code   334  fdiv.o(.text)
    _frdiv                                   0x08000797   Thumb Code     8  fdiv.o(.text)
    __aeabi_i2f_normalise                    0x080007a9   Thumb Code    72  fflti.o(.text)
    __aeabi_i2f                              0x080007f1   Thumb Code    16  fflti.o(.text)
    _fflt                                    0x080007f1   Thumb Code     0  fflti.o(.text)
    __aeabi_ui2f                             0x08000801   Thumb Code     6  fflti.o(.text)
    _ffltu                                   0x08000801   Thumb Code     0  fflti.o(.text)
    __user_setup_stackheap                   0x08000807   Thumb Code    62  sys_stackheap_outer.o(.text)
    exit                                     0x08000845   Thumb Code    16  exit.o(.text)
    __user_libspace                          0x08000855   Thumb Code     8  libspace.o(.text)
    __user_perproc_libspace                  0x08000855   Thumb Code     0  libspace.o(.text)
    __user_perthread_libspace                0x08000855   Thumb Code     0  libspace.o(.text)
    _sys_exit                                0x0800085d   Thumb Code     8  sys_exit.o(.text)
    __I$use$semihosting                      0x08000869   Thumb Code     0  use_no_semi.o(.text)
    __use_no_semihosting_swi                 0x08000869   Thumb Code     2  use_no_semi.o(.text)
    __semihosting_library_function           0x0800086b   Thumb Code     0  indicate_semi.o(.text)
    ADCConfig                                0x0800086d   Thumb Code   150  main.o(i.ADCConfig)
    ADCFilter                                0x08000909   Thumb Code   104  main.o(i.ADCFilter)
    ADCSingleChannelInit                     0x08000985   Thumb Code   100  main.o(i.ADCSingleChannelInit)
    ADC_Cmd                                  0x080009ed   Thumb Code    24  hal_adc.o(i.ADC_Cmd)
    ADC_DMACmd                               0x08000a05   Thumb Code    24  hal_adc.o(i.ADC_DMACmd)
    ADC_Init                                 0x08000a1d   Thumb Code    48  hal_adc.o(i.ADC_Init)
    ADC_RegularChannelConfig                 0x08000a51   Thumb Code   268  hal_adc.o(i.ADC_RegularChannelConfig)
    ADC_SoftwareStartConvCmd                 0x08000b61   Thumb Code    28  hal_adc.o(i.ADC_SoftwareStartConvCmd)
    ADC_StructInit                           0x08000b7d   Thumb Code    16  hal_adc.o(i.ADC_StructInit)
    ADC_TempSensorCmd                        0x08000b8d   Thumb Code    60  hal_adc.o(i.ADC_TempSensorCmd)
    ADC_VrefintCmd                           0x08000bcd   Thumb Code    60  hal_adc.o(i.ADC_VrefintCmd)
    DMA1_Channel1_IRQHandler                 0x08000c0d   Thumb Code    22  main.o(i.DMA1_Channel1_IRQHandler)
    DMAInit                                  0x08000c29   Thumb Code   112  main.o(i.DMAInit)
    DMA_ClearITPendingBit                    0x08000ca5   Thumb Code     6  hal_dma.o(i.DMA_ClearITPendingBit)
    DMA_Cmd                                  0x08000cb1   Thumb Code    24  hal_dma.o(i.DMA_Cmd)
    DMA_DeInit                               0x08000cc9   Thumb Code   154  hal_dma.o(i.DMA_DeInit)
    DMA_ITConfig                             0x08000d6d   Thumb Code    20  hal_dma.o(i.DMA_ITConfig)
    DMA_Init                                 0x08000d81   Thumb Code    58  hal_dma.o(i.DMA_Init)
    GPIO_Config_AIN                          0x08000dc1   Thumb Code    86  main.o(i.GPIO_Config_AIN)
    GPIO_Init                                0x08000e25   Thumb Code   222  hal_gpio.o(i.GPIO_Init)
    Get_ADCVolatge                           0x08000f05   Thumb Code    46  main.o(i.Get_ADCVolatge)
    NVIC_Init                                0x08000f49   Thumb Code   106  hal_misc.o(i.NVIC_Init)
    RCC_AHBPeriphClockCmd                    0x08000fb9   Thumb Code    28  hal_rcc.o(i.RCC_AHBPeriphClockCmd)
    RCC_APB2PeriphClockCmd                   0x08000fd9   Thumb Code    28  hal_rcc.o(i.RCC_APB2PeriphClockCmd)
    SysTick_Handler                          0x08001085   Thumb Code    12  main.o(i.SysTick_Handler)
    SystemInit                               0x08001095   Thumb Code    66  system_mm32f003_q.o(i.SystemInit)
    __ARM_common_switch8                     0x080010e1   Thumb Code    28  hal_adc.o(i.__ARM_common_switch8)
    main                                     0x080010fd   Thumb Code    48  main.o(i.main)
    __I$use$fp                               0x08001134   Number         0  usenofp.o(x$fpl$usenofp)
    Region$$Table$$Base                      0x08001174   Number         0  anon$$obj.o(Region$$Table)
    Region$$Table$$Limit                     0x08001194   Number         0  anon$$obj.o(Region$$Table)
    ADCVolatge                               0x20000000   Data           4  main.o(.data)
    ADCFilterValue                           0x20000004   Data           2  main.o(.data)
    ADCFilterflag                            0x20000006   Data           1  main.o(.data)
    adc_value                                0x20000008   Data           4  main.o(.data)
    ADCValue                                 0x20000018   Data          40  main.o(.bss)
    __libspace_start                         0x20000040   Data          96  libspace.o(.bss)
    __temporary_stack_top$libspace           0x200000a0   Data           0  libspace.o(.bss)



==============================================================================

Memory Map of the image

  Image Entry point : 0x080000b5

  Load Region LR_IROM1 (Base: 0x08000000, Size: 0x000011ac, Max: 0x00004000, ABSOLUTE)

    Execution Region ER_IROM1 (Exec base: 0x08000000, Load base: 0x08000000, Size: 0x00001194, Max: 0x00004000, ABSOLUTE)

    Exec Addr    Load Addr    Size         Type   Attr      Idx    E Section Name        Object

    0x08000000   0x08000000   0x000000b4   Data   RO          204    RESET               startup_mm32f003_q.o
    0x080000b4   0x080000b4   0x00000008   Code   RO         2133  * !!!main             c_p.l(__main.o)
    0x080000bc   0x080000bc   0x0000003c   Code   RO         2314    !!!scatter          c_p.l(__scatter.o)
    0x080000f8   0x080000f8   0x0000001a   Code   RO         2316    !!handler_copy      c_p.l(__scatter_copy.o)
    0x08000112   0x08000112   0x00000002   PAD
    0x08000114   0x08000114   0x0000001c   Code   RO         2318    !!handler_zi        c_p.l(__scatter_zi.o)
    0x08000130   0x08000130   0x00000002   Code   RO         2183    .ARM.Collect$$libinit$$00000000  c_p.l(libinit.o)
    0x08000132   0x08000132   0x00000000   Code   RO         2197    .ARM.Collect$$libinit$$00000002  c_p.l(libinit2.o)
    0x08000132   0x08000132   0x00000000   Code   RO         2199    .ARM.Collect$$libinit$$00000004  c_p.l(libinit2.o)
    0x08000132   0x08000132   0x00000000   Code   RO         2202    .ARM.Collect$$libinit$$0000000A  c_p.l(libinit2.o)
    0x08000132   0x08000132   0x00000000   Code   RO         2204    .ARM.Collect$$libinit$$0000000C  c_p.l(libinit2.o)
    0x08000132   0x08000132   0x00000000   Code   RO         2206    .ARM.Collect$$libinit$$0000000E  c_p.l(libinit2.o)
    0x08000132   0x08000132   0x00000000   Code   RO         2209    .ARM.Collect$$libinit$$00000011  c_p.l(libinit2.o)
    0x08000132   0x08000132   0x00000000   Code   RO         2211    .ARM.Collect$$libinit$$00000013  c_p.l(libinit2.o)
    0x08000132   0x08000132   0x00000000   Code   RO         2213    .ARM.Collect$$libinit$$00000015  c_p.l(libinit2.o)
    0x08000132   0x08000132   0x00000000   Code   RO         2215    .ARM.Collect$$libinit$$00000017  c_p.l(libinit2.o)
    0x08000132   0x08000132   0x00000000   Code   RO         2217    .ARM.Collect$$libinit$$00000019  c_p.l(libinit2.o)
    0x08000132   0x08000132   0x00000000   Code   RO         2219    .ARM.Collect$$libinit$$0000001B  c_p.l(libinit2.o)
    0x08000132   0x08000132   0x00000000   Code   RO         2221    .ARM.Collect$$libinit$$0000001D  c_p.l(libinit2.o)
    0x08000132   0x08000132   0x00000000   Code   RO         2223    .ARM.Collect$$libinit$$0000001F  c_p.l(libinit2.o)
    0x08000132   0x08000132   0x00000000   Code   RO         2225    .ARM.Collect$$libinit$$00000021  c_p.l(libinit2.o)
    0x08000132   0x08000132   0x00000000   Code   RO         2227    .ARM.Collect$$libinit$$00000023  c_p.l(libinit2.o)
    0x08000132   0x08000132   0x00000000   Code   RO         2229    .ARM.Collect$$libinit$$00000025  c_p.l(libinit2.o)
    0x08000132   0x08000132   0x00000000   Code   RO         2233    .ARM.Collect$$libinit$$0000002C  c_p.l(libinit2.o)
    0x08000132   0x08000132   0x00000000   Code   RO         2235    .ARM.Collect$$libinit$$0000002E  c_p.l(libinit2.o)
    0x08000132   0x08000132   0x00000000   Code   RO         2237    .ARM.Collect$$libinit$$00000030  c_p.l(libinit2.o)
    0x08000132   0x08000132   0x00000000   Code   RO         2239    .ARM.Collect$$libinit$$00000032  c_p.l(libinit2.o)
    0x08000132   0x08000132   0x00000002   Code   RO         2240    .ARM.Collect$$libinit$$00000033  c_p.l(libinit2.o)
    0x08000134   0x08000134   0x00000002   Code   RO         2271    .ARM.Collect$$libshutdown$$00000000  c_p.l(libshutdown.o)
    0x08000136   0x08000136   0x00000000   Code   RO         2297    .ARM.Collect$$libshutdown$$00000002  c_p.l(libshutdown2.o)
    0x08000136   0x08000136   0x00000000   Code   RO         2299    .ARM.Collect$$libshutdown$$00000004  c_p.l(libshutdown2.o)
    0x08000136   0x08000136   0x00000000   Code   RO         2302    .ARM.Collect$$libshutdown$$00000007  c_p.l(libshutdown2.o)
    0x08000136   0x08000136   0x00000000   Code   RO         2305    .ARM.Collect$$libshutdown$$0000000A  c_p.l(libshutdown2.o)
    0x08000136   0x08000136   0x00000000   Code   RO         2307    .ARM.Collect$$libshutdown$$0000000C  c_p.l(libshutdown2.o)
    0x08000136   0x08000136   0x00000000   Code   RO         2310    .ARM.Collect$$libshutdown$$0000000F  c_p.l(libshutdown2.o)
    0x08000136   0x08000136   0x00000002   Code   RO         2311    .ARM.Collect$$libshutdown$$00000010  c_p.l(libshutdown2.o)
    0x08000138   0x08000138   0x00000000   Code   RO         2146    .ARM.Collect$$rtentry$$00000000  c_p.l(__rtentry.o)
    0x08000138   0x08000138   0x00000000   Code   RO         2153    .ARM.Collect$$rtentry$$00000002  c_p.l(__rtentry2.o)
    0x08000138   0x08000138   0x00000006   Code   RO         2165    .ARM.Collect$$rtentry$$00000004  c_p.l(__rtentry4.o)
    0x0800013e   0x0800013e   0x00000000   Code   RO         2155    .ARM.Collect$$rtentry$$00000009  c_p.l(__rtentry2.o)
    0x0800013e   0x0800013e   0x00000004   Code   RO         2156    .ARM.Collect$$rtentry$$0000000A  c_p.l(__rtentry2.o)
    0x08000142   0x08000142   0x00000000   Code   RO         2158    .ARM.Collect$$rtentry$$0000000C  c_p.l(__rtentry2.o)
    0x08000142   0x08000142   0x00000008   Code   RO         2159    .ARM.Collect$$rtentry$$0000000D  c_p.l(__rtentry2.o)
    0x0800014a   0x0800014a   0x00000002   Code   RO         2188    .ARM.Collect$$rtexit$$00000000  c_p.l(rtexit.o)
    0x0800014c   0x0800014c   0x00000000   Code   RO         2244    .ARM.Collect$$rtexit$$00000002  c_p.l(rtexit2.o)
    0x0800014c   0x0800014c   0x00000004   Code   RO         2245    .ARM.Collect$$rtexit$$00000003  c_p.l(rtexit2.o)
    0x08000150   0x08000150   0x00000006   Code   RO         2246    .ARM.Collect$$rtexit$$00000004  c_p.l(rtexit2.o)
    0x08000156   0x08000156   0x00000002   PAD
    0x08000158   0x08000158   0x00000078   Code   RO          205    .text               startup_mm32f003_q.o
    0x080001d0   0x080001d0   0x0000015a   Code   RO         2127    .text               c_p.l(aeabi_sdiv.o)
    0x0800032a   0x0800032a   0x00000006   Code   RO         2131    .text               c_p.l(heapauxi.o)
    0x08000330   0x08000330   0x0000007c   Code   RO         2135    .text               fz_ps.l(d2f.o)
    0x080003ac   0x080003ac   0x00000248   Code   RO         2137    .text               fz_ps.l(dmul.o)
    0x080005f4   0x080005f4   0x00000054   Code   RO         2139    .text               fz_ps.l(f2d.o)
    0x08000648   0x08000648   0x00000160   Code   RO         2141    .text               fz_ps.l(fdiv.o)
    0x080007a8   0x080007a8   0x0000005e   Code   RO         2144    .text               fz_ps.l(fflti.o)
    0x08000806   0x08000806   0x0000003e   Code   RO         2169    .text               c_p.l(sys_stackheap_outer.o)
    0x08000844   0x08000844   0x00000010   Code   RO         2172    .text               c_p.l(exit.o)
    0x08000854   0x08000854   0x00000008   Code   RO         2184    .text               c_p.l(libspace.o)
    0x0800085c   0x0800085c   0x0000000c   Code   RO         2241    .text               c_p.l(sys_exit.o)
    0x08000868   0x08000868   0x00000002   Code   RO         2260    .text               c_p.l(use_no_semi.o)
    0x0800086a   0x0800086a   0x00000000   Code   RO         2262    .text               c_p.l(indicate_semi.o)
    0x0800086a   0x0800086a   0x00000002   PAD
    0x0800086c   0x0800086c   0x0000009c   Code   RO            3    i.ADCConfig         main.o
    0x08000908   0x08000908   0x0000007c   Code   RO            4    i.ADCFilter         main.o
    0x08000984   0x08000984   0x00000068   Code   RO            5    i.ADCSingleChannelInit  main.o
    0x080009ec   0x080009ec   0x00000018   Code   RO          216    i.ADC_Cmd           hal_adc.o
    0x08000a04   0x08000a04   0x00000018   Code   RO          217    i.ADC_DMACmd        hal_adc.o
    0x08000a1c   0x08000a1c   0x00000034   Code   RO          227    i.ADC_Init          hal_adc.o
    0x08000a50   0x08000a50   0x00000110   Code   RO          228    i.ADC_RegularChannelConfig  hal_adc.o
    0x08000b60   0x08000b60   0x0000001c   Code   RO          229    i.ADC_SoftwareStartConvCmd  hal_adc.o
    0x08000b7c   0x08000b7c   0x00000010   Code   RO          230    i.ADC_StructInit    hal_adc.o
    0x08000b8c   0x08000b8c   0x00000040   Code   RO          231    i.ADC_TempSensorCmd  hal_adc.o
    0x08000bcc   0x08000bcc   0x00000040   Code   RO          232    i.ADC_VrefintCmd    hal_adc.o
    0x08000c0c   0x08000c0c   0x0000001c   Code   RO            6    i.DMA1_Channel1_IRQHandler  main.o
    0x08000c28   0x08000c28   0x0000007c   Code   RO            7    i.DMAInit           main.o
    0x08000ca4   0x08000ca4   0x0000000c   Code   RO          360    i.DMA_ClearITPendingBit  hal_dma.o
    0x08000cb0   0x08000cb0   0x00000018   Code   RO          361    i.DMA_Cmd           hal_dma.o
    0x08000cc8   0x08000cc8   0x000000a4   Code   RO          362    i.DMA_DeInit        hal_dma.o
    0x08000d6c   0x08000d6c   0x00000014   Code   RO          366    i.DMA_ITConfig      hal_dma.o
    0x08000d80   0x08000d80   0x00000040   Code   RO          367    i.DMA_Init          hal_dma.o
    0x08000dc0   0x08000dc0   0x00000064   Code   RO            8    i.GPIO_Config_AIN   main.o
    0x08000e24   0x08000e24   0x000000de   Code   RO          653    i.GPIO_Init         hal_gpio.o
    0x08000f02   0x08000f02   0x00000002   PAD
    0x08000f04   0x08000f04   0x00000044   Code   RO            9    i.Get_ADCVolatge    main.o
    0x08000f48   0x08000f48   0x00000070   Code   RO          955    i.NVIC_Init         hal_misc.o
    0x08000fb8   0x08000fb8   0x00000020   Code   RO         1067    i.RCC_AHBPeriphClockCmd  hal_rcc.o
    0x08000fd8   0x08000fd8   0x00000020   Code   RO         1070    i.RCC_APB2PeriphClockCmd  hal_rcc.o
    0x08000ff8   0x08000ff8   0x00000008   Code   RO          165    i.SetSysClock       system_mm32f003_q.o
    0x08001000   0x08001000   0x00000084   Code   RO          166    i.SetSysClockTo48_HSI  system_mm32f003_q.o
    0x08001084   0x08001084   0x00000010   Code   RO           12    i.SysTick_Handler   main.o
    0x08001094   0x08001094   0x0000004c   Code   RO          167    i.SystemInit        system_mm32f003_q.o
    0x080010e0   0x080010e0   0x0000001c   Code   RO          352    i.__ARM_common_switch8  hal_adc.o
    0x080010fc   0x080010fc   0x00000038   Code   RO           13    i.main              main.o
    0x08001134   0x08001134   0x00000000   Code   RO         2151    x$fpl$usenofp       fz_ps.l(usenofp.o)
    0x08001134   0x08001134   0x00000040   Data   RO         2142    .constdata          fz_ps.l(fdiv.o)
    0x08001174   0x08001174   0x00000020   Data   RO         2312    Region$$Table       anon$$obj.o


    Execution Region RW_IRAM1 (Exec base: 0x20000000, Load base: 0x08001194, Size: 0x000002a0, Max: 0x00000800, ABSOLUTE)

    Exec Addr    Load Addr    Size         Type   Attr      Idx    E Section Name        Object

    0x20000000   0x08001194   0x00000018   Data   RW           15    .data               main.o
    0x20000018        -       0x00000028   Zero   RW           14    .bss                main.o
    0x20000040        -       0x00000060   Zero   RW         2185    .bss                c_p.l(libspace.o)
    0x200000a0        -       0x00000000   Zero   RW          203    HEAP                startup_mm32f003_q.o
    0x200000a0        -       0x00000200   Zero   RW          202    STACK               startup_mm32f003_q.o


==============================================================================

Image component sizes


      Code (inc. data)   RO Data    RW Data    ZI Data      Debug   Object Name

       572         26          0          0          0       6966   hal_adc.o
       284         22          0          0          0       3681   hal_dma.o
       222          0          0          0          0       1884   hal_gpio.o
       112          6          0          0          0       1036   hal_misc.o
        64          8          0          0          0       1201   hal_rcc.o
       776         96          0         24         40     116565   main.o
       120         52        180          0        512        920   startup_mm32f003_q.o
       216         18          0          0          0       1581   system_mm32f003_q.o

    ----------------------------------------------------------------------
      2368        228        212         24        552     133834   Object Totals
         0          0         32          0          0          0   (incl. Generated)
         2          0          0          0          0          0   (incl. Padding)

    ----------------------------------------------------------------------

      Code (inc. data)   RO Data    RW Data    ZI Data      Debug   Library Member Name

         8          0          0          0          0         68   __main.o
         0          0          0          0          0          0   __rtentry.o
        12          0          0          0          0          0   __rtentry2.o
         6          0          0          0          0          0   __rtentry4.o
        60          8          0          0          0          0   __scatter.o
        26          0          0          0          0          0   __scatter_copy.o
        28          0          0          0          0          0   __scatter_zi.o
       346          0          0          0          0         92   aeabi_sdiv.o
        16          0          0          0          0         68   exit.o
         6          0          0          0          0        136   heapauxi.o
         0          0          0          0          0          0   indicate_semi.o
         2          0          0          0          0          0   libinit.o
         2          0          0          0          0          0   libinit2.o
         2          0          0          0          0          0   libshutdown.o
         2          0          0          0          0          0   libshutdown2.o
         8          4          0          0         96         68   libspace.o
         2          0          0          0          0          0   rtexit.o
        10          0          0          0          0          0   rtexit2.o
        12          4          0          0          0         60   sys_exit.o
        62          0          0          0          0         80   sys_stackheap_outer.o
         2          0          0          0          0         68   use_no_semi.o
       124          4          0          0          0         72   d2f.o
       584         26          0          0          0         84   dmul.o
        84          4          0          0          0         60   f2d.o
       352         10         64          0          0         92   fdiv.o
        94          0          0          0          0         92   fflti.o
         0          0          0          0          0          0   usenofp.o

    ----------------------------------------------------------------------
      1856         60         64          0         96       1040   Library Totals
         6          0          0          0          0          0   (incl. Padding)

    ----------------------------------------------------------------------

      Code (inc. data)   RO Data    RW Data    ZI Data      Debug   Library Name

       612         16          0          0         96        640   c_p.l
      1238         44         64          0          0        400   fz_ps.l

    ----------------------------------------------------------------------
      1856         60         64          0         96       1040   Library Totals

    ----------------------------------------------------------------------

==============================================================================


      Code (inc. data)   RO Data    RW Data    ZI Data      Debug   

      4224        288        276         24        648     133278   Grand Totals
      4224        288        276         24        648     133278   ELF Image Totals
      4224        288        276         24          0          0   ROM Totals

==============================================================================

    Total RO  Size (Code + RO Data)                 4500 (   4.39kB)
    Total RW  Size (RW Data + ZI Data)               672 (   0.66kB)
    Total ROM Size (Code + RO Data + RW Data)       4524 (   4.42kB)

==============================================================================

