<html>
<body>
<pre>
<h1>µVision Build Log</h1>
<h2>Tool Versions:</h2>
IDE-Version: ¦ÌVision V5.27.1.0
Copyright (C) 2019 ARM Ltd and ARM Germany GmbH. All rights reserved.
License Information: qitas t, friday, LIC=NQQMA-1WGZP-01SP1-CUNH7-BPK1S-H3ZY4
 
Tool Versions:
Toolchain:       MDK-ARM Plus  Version: 5.25.2.0
Toolchain Path:  C:\Keil_v5\ARM\ARMCC\Bin
C Compiler:      Armcc.exe V5.06 update 6 (build 750)
Assembler:       Armasm.exe V5.06 update 6 (build 750)
Linker/Locator:  ArmLink.exe V5.06 update 6 (build 750)
Library Manager: ArmAr.exe V5.06 update 6 (build 750)
Hex Converter:   FromElf.exe V5.06 update 6 (build 750)
CPU DLL:         SARMCM3.DLL V5.25.2.0
Dialog DLL:      DARMCM1.DLL V1.19.1.0
Target DLL:      UL2CM3.DLL V1.160.12.0
Dialog DLL:      TARMCM1.DLL V1.14.0.0
 
<h2>Project:</h2>
G:\L1\MM32\Boards_MM32F003xx_q\CBF003TW\ADC\ADC_DMA_polling\KEIL_PRJ\ADC_DMA_polling.uvprojx
Project File Date:  03/14/2019

<h2>Output:</h2>
*** Using Compiler 'V5.06 update 6 (build 750)', folder: 'C:\Keil_v5\ARM\ARMCC\Bin'
Build target 'MM32'
assembling startup_MM32F003_q.s...
compiling main.c...
compiling system_MM32F003_q.c...
compiling HAL_iwdg.c...
compiling HAL_misc.c...
compiling HAL_adc.c...
compiling HAL_gpio.c...
compiling HAL_exti.c...
compiling HAL_dma.c...
compiling HAL_pwr.c...
compiling HAL_i2c.c...
compiling HAL_flash.c...
compiling HAL_rcc.c...
compiling HAL_spi.c...
compiling HAL_syscfg.c...
compiling HAL_wwdg.c...
compiling HAL_uart.c...
compiling HAL_tim.c...
linking...
Program Size: Code=4224 RO-data=276 RW-data=24 ZI-data=648  
FromELF: creating hex file...
".\Objects\MM32.axf" - 0 Error(s), 0 Warning(s).

<h2>Software Packages used:</h2>

Package Vendor: MindMotion
                http://www.mindmotion.com.cn/Download/MDK_KEIL/MindMotion.MM32F003_DFP.1.0.2.pack
                MindMotion.MM32F003_DFP.1.0.2
                MindMotion MM32F003 Series Device Support, Drivers and Examples

<h2>Collection of Component include folders:</h2>
  .\RTE\_MM32
  C:\Keil_v5\ARM\PACK\MindMotion\MM32F003_DFP\1.0.2\Device\MM32F003\Include

<h2>Collection of Component Files used:</h2>
Build Time Elapsed:  00:00:01
</pre>
</body>
</html>
